Microchip Technology Inc, v2.10 (B)

Tool Name:
  c:\program files\microchip\xc16\v2.10\bin\bin\..\bin/elf-ld.exe

Command:
  -p24FJ128GA705 \
  --mdfp=C:/Program Files/Microchip/MPLABX/v6.15/packs/Microchip/PIC24F-GA-GB_DFP/1.9.336/xc16 \
  -o \
  dist/default/production/_AC164164-SmartHome_Controller.X.production.elf \
  -Lc:/program files/microchip/xc16/v2.10/bin/bin/.. \
  -LC:/Program Files/Microchip/MPLABX/v6.15/packs/Microchip/PIC24F-GA-GB_DFP/1.9.336/xc16/bin/../support/PIC24F/gld \
  -Lc:/program files/microchip/xc16/v2.10/bin/bin/../../lib \
  -Lc:/program files/microchip/xc16/v2.10/bin/bin/../../support/PIC24E/gld \
  -Lc:/program files/microchip/xc16/v2.10/bin/bin/../../support/PIC24F/gld \
  -Lc:/program files/microchip/xc16/v2.10/bin/bin/../../support/PIC24H/gld \
  -Lc:/program files/microchip/xc16/v2.10/bin/bin/../../support/dsPIC30F/gld \
  -Lc:/program files/microchip/xc16/v2.10/bin/bin/../../support/dsPIC33C/gld \
  -Lc:/program files/microchip/xc16/v2.10/bin/bin/../../support/dsPIC33E/gld \
  -Lc:/program files/microchip/xc16/v2.10/bin/bin/../../support/dsPIC33F/gld \
  build/default/production/mcc_generated_files/drivers/spi_master.o \
  build/default/production/mcc_generated_files/drivers/timeout.o \
  build/default/production/mcc_generated_files/examples/comm_module.o \
  build/default/production/mcc_generated_files/mqtt/mqtt_comm_bsd/mqtt_comm_layer.o \
  build/default/production/mcc_generated_files/mqtt/mqtt_core/mqtt_core.o \
  build/default/production/mcc_generated_files/mqtt/mqtt_exchange_buffer/mqtt_exchange_buffer.o \
  build/default/production/mcc_generated_files/mqtt/mqtt_winc_adapter.o \
  build/default/production/mcc_generated_files/mqtt/mqtt_packetTransfer_interface.o \
  build/default/production/mcc_generated_files/winc/driver/winc_asic.o \
  build/default/production/mcc_generated_files/winc/driver/winc_spi.o \
  build/default/production/mcc_generated_files/winc/driver/winc_drv.o \
  build/default/production/mcc_generated_files/winc/driver/winc_adapter.o \
  build/default/production/mcc_generated_files/winc/driver/winc_hif.o \
  build/default/production/mcc_generated_files/winc/m2m/m2m_wifi.o \
  build/default/production/mcc_generated_files/winc/m2m/m2m_crypto.o \
  build/default/production/mcc_generated_files/winc/m2m/m2m_fwinfo.o \
  build/default/production/mcc_generated_files/winc/m2m/m2m_ssl.o \
  build/default/production/mcc_generated_files/winc/m2m/m2m_periph.o \
  build/default/production/mcc_generated_files/winc/m2m/m2m_ota.o \
  build/default/production/mcc_generated_files/winc/socket/socket.o \
  build/default/production/mcc_generated_files/winc/spi_flash/flexible_flash.o \
  build/default/production/mcc_generated_files/winc/spi_flash/spi_flash.o \
  build/default/production/mcc_generated_files/clock.o \
  build/default/production/mcc_generated_files/system.o \
  build/default/production/mcc_generated_files/interrupt_manager.o \
  build/default/production/mcc_generated_files/spi1_driver.o \
  build/default/production/mcc_generated_files/traps.o \
  build/default/production/mcc_generated_files/mcc.o \
  build/default/production/mcc_generated_files/delay.o \
  build/default/production/mcc_generated_files/pin_manager.o \
  build/default/production/mcc_generated_files/uart1.o \
  build/default/production/mcc_generated_files/tmr1.o \
  build/default/production/mcc_generated_files/tmr2.o \
  build/default/production/main.o \
  build/default/production/buttons.o \
  --local-stack \
  --defsym=__MPLAB_BUILD=1 \
  -Tp24FJ128GA705.gld.00 \
  --stack=16 \
  --check-sections \
  --data-init \
  --pack-data \
  --handles \
  --isr \
  --no-gc-sections \
  --fill-upper=0 \
  --stackguard=16 \
  --no-force-link \
  --smart-io \
  -Map=dist/default/production/-AC164164-SmartHome_Controller.X.production.map \
  --report-mem \
  --memorysummary \
  dist/default/production/memoryfile.xml \
  -start-group \
  --library=c99-pic30-elf \
  --library=m-elf \
  --library=c99-elf \
  -end-group \


Optional library libpPIC24Fxxx.a not found
Archive member included because of file (symbol)

c:/program files/microchip/xc16/v2.10/bin/bin/../../lib\libc99-pic30-elf.a(crt0_extended24.o)
                              (__resetPRI)
c:/program files/microchip/xc16/v2.10/bin/bin/../../lib\libc99-pic30-elf.a(data_init_24.o)
                              c:/program files/microchip/xc16/v2.10/bin/bin/../../lib\libc99-pic30-elf.a(crt0_extended24.o) (__data_init_da)
c:/program files/microchip/xc16/v2.10/bin/bin/../../lib\libc99-pic30-elf.a(crt_start_mode_normalda.Meo)
                              (__crt_start_mode_normal)
c:/program files/microchip/xc16/v2.10/bin/bin/../../lib\libc99-pic30-elf.a(delay32da.Meo)
                              build/default/production/mcc_generated_files/delay.o (___delay32)
c:/program files/microchip/xc16/v2.10/bin/bin/../../lib\libc99-elf.a(__sio_printf_0.DA_o)
[...]
Memory Configuration

Name             Origin             Length             Attributes
data             0x000800           0x004000           a !xr
reset            0x000000           0x000004  
ivt              0x000004           0x0000fc  
program          0x000100           0x015e00           xr
FSEC             0x015f00           0x000002  
FBSLIM           0x015f10           0x000002  
FSIGN            0x015f14           0x000002  
FOSCSEL          0x015f18           0x000002  
FOSC             0x015f1c           0x000002  
FWDT             0x015f20           0x000002  
FPOR             0x015f24           0x000002  
FICD             0x015f28           0x000002  
FDEVOPT1         0x015f2c           0x000002  
*default*        0x000000           0xffffffff  

Linker script and memory map

LOAD build/default/production/mcc_generated_files/drivers/spi_master.o
LOAD build/default/production/mcc_generated_files/drivers/timeout.o
LOAD build/default/production/mcc_generated_files/examples/comm_module.o
LOAD build/default/production/mcc_generated_files/mqtt/mqtt_comm_bsd/mqtt_comm_layer.o
LOAD build/default/production/mcc_generated_files/mqtt/mqtt_core/mqtt_core.o
LOAD build/default/production/mcc_generated_files/mqtt/mqtt_exchange_buffer/mqtt_exchange_buffer.o
LOAD build/default/production/mcc_generated_files/mqtt/mqtt_winc_adapter.o
LOAD build/default/production/mcc_generated_files/mqtt/mqtt_packetTransfer_interface.o
LOAD build/default/production/mcc_generated_files/winc/driver/winc_asic.o
LOAD build/default/production/mcc_generated_files/winc/driver/winc_spi.o
LOAD build/default/production/mcc_generated_files/winc/driver/winc_drv.o
LOAD build/default/production/mcc_generated_files/winc/driver/winc_adapter.o
LOAD build/default/production/mcc_generated_files/winc/driver/winc_hif.o
LOAD build/default/production/mcc_generated_files/winc/m2m/m2m_wifi.o
LOAD build/default/production/mcc_generated_files/winc/m2m/m2m_crypto.o
LOAD build/default/production/mcc_generated_files/winc/m2m/m2m_fwinfo.o
LOAD build/default/production/mcc_generated_files/winc/m2m/m2m_ssl.o
LOAD build/default/production/mcc_generated_files/winc/m2m/m2m_periph.o
LOAD build/default/production/mcc_generated_files/winc/m2m/m2m_ota.o
LOAD build/default/production/mcc_generated_files/winc/socket/socket.o
LOAD build/default/production/mcc_generated_files/winc/spi_flash/flexible_flash.o
LOAD build/default/production/mcc_generated_files/winc/spi_flash/spi_flash.o
LOAD build/default/production/mcc_generated_files/clock.o
LOAD build/default/production/mcc_generated_files/system.o
LOAD build/default/production/mcc_generated_files/interrupt_manager.o
LOAD build/default/production/mcc_generated_files/spi1_driver.o
LOAD build/default/production/mcc_generated_files/traps.o
LOAD build/default/production/mcc_generated_files/mcc.o
LOAD build/default/production/mcc_generated_files/delay.o
LOAD build/default/production/mcc_generated_files/pin_manager.o
LOAD build/default/production/mcc_generated_files/uart1.o
LOAD build/default/production/mcc_generated_files/tmr1.o
LOAD build/default/production/mcc_generated_files/tmr2.o
LOAD build/default/production/main.o
LOAD build/default/production/buttons.o
                    0x0001                  __MPLAB_BUILD = 0x1
LOAD pPIC24Fxxx
LOAD c:/program files/microchip/xc16/v2.10/bin/bin/../../lib\libfx-elf.a
                    0x15f00                  __FSEC = 0x15f00
                    0x15f10                  __FBSLIM = 0x15f10
                    0x15f14                  __FSIGN = 0x15f14
                    0x15f18                  __FOSCSEL = 0x15f18
                    0x15f1c                  __FOSC = 0x15f1c
                    0x15f20                  __FWDT = 0x15f20
                    0x15f24                  __FPOR = 0x15f24
                    0x15f28                  __FICD = 0x15f28
                    0x15f2c                  __FDEVOPT1 = 0x15f2c
                    0x0100                  __CODE_BASE = 0x100
                    0x15e00                  __CODE_LENGTH = 0x15e00
                    0x0004                  __IVT_BASE = 0x4
                    0x0800                  __DATA_BASE = 0x800
                    0x4000                  __DATA_LENGTH = 0x4000

.reset            0x000000          0x4
                  0x000000          0x2 SHORT 0x100 ABSOLUTE (__reset)
                  0x000001          0x2 SHORT 0x4
                  0x000002          0x2 SHORT 0x0 ((ABSOLUTE (__reset) >> 0x10) & 0x7f)
                  0x000003          0x2 SHORT 0x0

.text             0x000100       0x1f0c
 *(.init)
 .init            0x000100         0x4c c:/program files/microchip/xc16/v2.10/bin/bin/../../lib\libc99-pic30-elf.a(crt0_extended24.o)
                  0x000100                  __resetPRI
                  0x000100                  __reset
                  0x00013c                  __psv_init
 .init            0x00014c         0xb8 c:/program files/microchip/xc16/v2.10/bin/bin/../../lib\libc99-pic30-elf.a(data_init_24.o)
                  0x000152                  __data_init
                  0x000152                  __data_init_da
 *(.user_init)
 *(.handle)
 .handle          0x000204         0x84 jump_table
 *(.isr*)
 .isr.text        0x000288         0xa2 build/default/production/mcc_generated_files/traps.o
                  0x000288                  __OscillatorFail
                  0x0002a8                  __StackError
                  0x0002ca                  __AddressError
                  0x0002ea                  __MathError
                  0x00030a                  __NVMError
 .isr.text        0x00032a         0x3a build/default/production/mcc_generated_files/pin_manager.o
                  0x00032a                  __IOCInterrupt
 .isr.text        0x000364         0x36 build/default/production/mcc_generated_files/tmr1.o
                  0x000364                  __T1Interrupt
 .isr.text        0x00039a         0x36 build/default/production/mcc_generated_files/tmr2.o
                  0x00039a                  __T2Interrupt
 .isr             0x0003d0          0x4 default_isr
                  0x0003d0                  __DefaultInterrupt
 *(.libc)
 *(.libm)
 *(.libdsp)
 *(.lib*)
 .libc.write      0x0003d4         0x28 build/default/production/mcc_generated_files/uart1.o
                  0x0003d4                  _write
 .libpic30_crt_start_mode
                  0x0003fc          0x2 c:/program files/microchip/xc16/v2.10/bin/bin/../../lib\libc99-pic30-elf.a(crt_start_mode_normalda.Meo)
                  0x0003fc                  __crt_start_mode
                  0x0003fc                  __crt_start_mode_normal
 .libc.__wrap_printf
                  0x0003fe         0x10 c:/program files/microchip/xc16/v2.10/bin/bin/../../lib\libc99-elf.a(__sio_printf_0.DA_o)
                  0x0003fe                  __printf_0
                  0x0003fe                  __dprintf_0
 .libc.__sio_printf_0
                  0x00040e          0x2 c:/program files/microchip/xc16/v2.10/bin/bin/../../lib\libc99-elf.a(__sio_printf_0.DA_o)
                  0x00040e                  ___sio_printf_0
 .libc.__wrap_printf
                  0x000410         0x10 c:/program files/microchip/xc16/v2.10/bin/bin/../../lib\libc99-elf.a(__sio_printf_doux.DA_o)
                  0x000410                  __printf_cdnopuxX
                  0x000410                  __dprintf_cdnopuxX
 .libc.__sio_printf_doux
                  0x000420          0xe c:/program files/microchip/xc16/v2.10/bin/bin/../../lib\libc99-elf.a(__sio_printf_doux.DA_o)
                  0x000420                  ___sio_printf_doux
 .libc.__wrap_sprintf
                  0x00042e          0xc c:/program files/microchip/xc16/v2.10/bin/bin/../../lib\libc99-elf.a(__sio_sprintf_f.DA_o)
                  0x00042e                  __dsprintf_eEfF
                  0x00042e                  __sprintf_eEfFgG
                  0x00042e                  __dsprintf_eEfFgG
                  0x00042e                  __sprintf_fF
                  0x00042e                  __sprintf_eEfF
                  0x00042e                  __dsprintf_gG
                  0x00042e                  __dsprintf_eEgG
                  0x00042e                  __sprintf_gG
                  0x00042e                  __dsprintf_fF
                  0x00042e                  __dsprintf_eE
                  0x00042e                  __sprintf_fFgG
                  0x00042e                  __sprintf_eEgG
                  0x00042e                  __sprintf_eE
                  0x00042e                  __dsprintf_fFgG
 .libc.__sio_sprintf_f
                  0x00043a          0x4 c:/program files/microchip/xc16/v2.10/bin/bin/../../lib\libc99-elf.a(__sio_sprintf_f.DA_o)
                  0x00043a                  ___sio_sprintf_f
 .libc.memcpy     0x00043e          0xe c:/program files/microchip/xc16/v2.10/bin/bin/../../lib\libc99-elf.a(memcpy.DA_o)
                  0x00043e                  _memcpy
 .libc.memset     0x00044c         0xc8 c:/program files/microchip/xc16/v2.10/bin/bin/../../lib\libc99-elf.a(memset.DA_o)
                  0x00044c                  _memset
 .libc.puts       0x000514         0x1a c:/program files/microchip/xc16/v2.10/bin/bin/../../lib\libc99-elf.a(puts.DA_o)
                  0x000514                  _puts
 .libc.__dummy0
                  0x00052e          0x2 c:/program files/microchip/xc16/v2.10/bin/bin/../../lib\libc99-elf.a(stdout.DA_o)
                  0x00052e                  ___stdio_seek
 .libc.__dummy    0x000530          0x4 c:/program files/microchip/xc16/v2.10/bin/bin/../../lib\libc99-elf.a(stdout.DA_o)
                  0x000530                  ___get_stdout
 .libc.__init_stdout
                  0x000534          0x8 c:/program files/microchip/xc16/v2.10/bin/bin/../../lib\libc99-elf.a(stdout.DA_o)
                  0x000534                  ___init_stdout
 .libc.strcat     0x00053c         0x14 c:/program files/microchip/xc16/v2.10/bin/bin/../../lib\libc99-elf.a(strcat.DA_o)
                  0x00053c                  _strcat
 .libc.strcpy     0x000550          0xe c:/program files/microchip/xc16/v2.10/bin/bin/../../lib\libc99-elf.a(strcpy.DA_o)
                  0x000550                  _strcpy
 .libc.strlen     0x00055e         0x30 c:/program files/microchip/xc16/v2.10/bin/bin/../../lib\libc99-elf.a(strlen.DA_o)
                  0x00055e                  _strlen
 .libc.__fmt_d    0x00058e         0xb2 c:/program files/microchip/xc16/v2.10/bin/bin/../../lib\libc99-elf.a(__fmt_d.DA_o)
                  0x00058e                  ___fmt_d
                  0x00058e                  ___fmt_d_needed
 .libc.__LONG_DOUBLE_BITS
                  0x000640          0x2 c:/program files/microchip/xc16/v2.10/bin/bin/../../lib\libc99-elf.a(__fmt_fp.DA_o)
 .libc.__fmt_fp
                  0x000642        0x5b6 c:/program files/microchip/xc16/v2.10/bin/bin/../../lib\libc99-elf.a(__fmt_fp.DA_o)
                  0x000642                  ___fmt_f_needed
                  0x000642                  ___fmt_fp
 .libc.__fmt_o    0x000bf8         0x6a c:/program files/microchip/xc16/v2.10/bin/bin/../../lib\libc99-elf.a(__fmt_o.DA_o)
                  0x000bf8                  ___fmt_o
                  0x000bf8                  ___fmt_o_needed
 .libc.__fmt_s    0x000c62         0x54 c:/program files/microchip/xc16/v2.10/bin/bin/../../lib\libc99-elf.a(__fmt_s.DA_o)
                  0x000c62                  ___fmt_0_needed
                  0x000c62                  ___fmt_s_needed
                  0x000c62                  ___fmt_s
 .libc.__cvt_u    0x000cb6         0xa6 c:/program files/microchip/xc16/v2.10/bin/bin/../../lib\libc99-elf.a(__fmt_u.DA_o)
                  0x000cb6                  ___cvt_u
 .libc.__fmt_u    0x000d5c         0x52 c:/program files/microchip/xc16/v2.10/bin/bin/../../lib\libc99-elf.a(__fmt_u.DA_o)
                  0x000d5c                  ___fmt_u
                  0x000d5c                  ___fmt_u_needed
 .libc.__fmt_x    0x000dae        0x14a c:/program files/microchip/xc16/v2.10/bin/bin/../../lib\libc99-elf.a(__fmt_x.DA_o)
                  0x000dae                  ___fmt_x_needed
                  0x000dae                  ___fmt_x
 .libc.__vfprintf
                  0x000ef8         0x1c c:/program files/microchip/xc16/v2.10/bin/bin/../../lib\libc99-elf.a(__int_vfprintf.DA_o)
                  0x000ef8                  ___vfprintf
 .libc.__vsprintf
                  0x000f14          0x8 c:/program files/microchip/xc16/v2.10/bin/bin/../../lib\libc99-elf.a(__int_vsprintf.DA_o)
                  0x000f14                  ___vsprintf
 .libc.__string_out
                  0x000f1c         0x26 c:/program files/microchip/xc16/v2.10/bin/bin/../../lib\libc99-elf.a(__out.DA_o)
 .libc.__fwrite_min
                  0x000f42          0x4 c:/program files/microchip/xc16/v2.10/bin/bin/../../lib\libc99-elf.a(__out.DA_o)
                  0x000f42                  ___fwrite
                  0x000f42                  ___stdio_write
                  0x000f42                  ___stdio_write_unbuffered
 .libc.__out      0x000f46         0x10 c:/program files/microchip/xc16/v2.10/bin/bin/../../lib\libc99-elf.a(__out.DA_o)
                  0x000f46                  ___out_needed
                  0x000f46                  ___out
 .libc.__pop_float
                  0x000f56         0x3e c:/program files/microchip/xc16/v2.10/bin/bin/../../lib\libc99-elf.a(__pop_float.DA_o)
                  0x000f56                  ___pop_float
                  0x000f56                  ___pop_float_needed
 .libc.__pop_int
                  0x000f94         0xa8 c:/program files/microchip/xc16/v2.10/bin/bin/../../lib\libc99-elf.a(__pop_int.DA_o)
                  0x000f94                  ___pop_int
                  0x000f94                  ___pop_int_needed
 .libc.__pop_ptr
                  0x00103c         0x70 c:/program files/microchip/xc16/v2.10/bin/bin/../../lib\libc99-elf.a(__pop_ptr.DA_o)
                  0x00103c                  ___pop_ptr_needed
                  0x00103c                  ___pop_ptr
 .libc.__string_out
                  0x0010ac         0x26 c:/program files/microchip/xc16/v2.10/bin/bin/../../lib\libc99-elf.a(__printf_core.DA_o)
 .libc.__pad      0x0010d2         0x74 c:/program files/microchip/xc16/v2.10/bin/bin/../../lib\libc99-elf.a(__printf_core.DA_o)
                  0x0010d2                  ___pad
 .libc.__dummy_fmt3
                  0x001146          0x2 c:/program files/microchip/xc16/v2.10/bin/bin/../../lib\libc99-elf.a(__printf_core.DA_o)
 .libc.__dummy_fmt4
                  0x001148          0x2 c:/program files/microchip/xc16/v2.10/bin/bin/../../lib\libc99-elf.a(__printf_core.DA_o)
                  0x001148                  ___fmt_a
 .libc.__dummy_fmts
                  0x00114a          0x2 c:/program files/microchip/xc16/v2.10/bin/bin/../../lib\libc99-elf.a(__printf_core.DA_o)
 .libc.__fmt_state
                  0x00114c         0x2c c:/program files/microchip/xc16/v2.10/bin/bin/../../lib\libc99-elf.a(__printf_core.DA_o)
                  0x00114c                  ___fmt_state
 .libc.vfpfcnvrt.clone.0
                  0x001178        0x2d8 c:/program files/microchip/xc16/v2.10/bin/bin/../../lib\libc99-elf.a(__printf_core.DA_o)
 .libc.__printf_core
                  0x001450         0x40 c:/program files/microchip/xc16/v2.10/bin/bin/../../lib\libc99-elf.a(__printf_core.DA_o)
                  0x001450                  ___printf_core
 .libc.__stdio_close
                  0x001490         0x3e c:/program files/microchip/xc16/v2.10/bin/bin/../../lib\libc99-elf.a(__stdio_close.DA_o)
                  0x001490                  ___stdio_close
 .libc.__stdio_close_rw
                  0x0014ce         0x58 c:/program files/microchip/xc16/v2.10/bin/bin/../../lib\libc99-elf.a(__stdio_close.DA_o)
                  0x0014ce                  ___stdio_close_rw
 .libc.__isspace
                  0x001526         0x14 c:/program files/microchip/xc16/v2.10/bin/bin/../../lib\libc99-elf.a(atoi.DA_o)
 .libc.atoi       0x00153a         0x4c c:/program files/microchip/xc16/v2.10/bin/bin/../../lib\libc99-elf.a(atoi.DA_o)
                  0x00153a                  _atoi
 .libc.fputs      0x001586         0x28 c:/program files/microchip/xc16/v2.10/bin/bin/../../lib\libc99-elf.a(fputs.DA_o)
                  0x001586                  _fputs_unlocked
                  0x001586                  _fputs
 .libc.__fwrite_min
                  0x0015ae          0x4 c:/program files/microchip/xc16/v2.10/bin/bin/../../lib\libc99-elf.a(fwrite.DA_o)
 .libc.fwrite     0x0015b2         0x2c c:/program files/microchip/xc16/v2.10/bin/bin/../../lib\libc99-elf.a(fwrite.DA_o)
                  0x0015b2                  _fwrite
                  0x0015b2                  _fwrite_unlocked
 .libc.__lseek    0x0015de          0xc c:/program files/microchip/xc16/v2.10/bin/bin/../../lib\libc99-elf.a(lseek.DA_o)
                  0x0015de                  _lseek
                  0x0015de                  ___lseek
 .libc.__putc_unbuffered
                  0x0015ea         0x2e c:/program files/microchip/xc16/v2.10/bin/bin/../../lib\libc99-elf.a(putc.DA_o)
                  0x0015ea                  ___putc
                  0x0015ea                  ___putc_unbuffered
 .libc.putc       0x001618          0x2 c:/program files/microchip/xc16/v2.10/bin/bin/../../lib\libc99-elf.a(putc.DA_o)
                  0x001618                  _putc
                  0x001618                  _fputc
                  0x001618                  _putc_unlocked
                  0x001618                  __IO_putc
 .libc.__stpcpy
                  0x00161a         0x40 c:/program files/microchip/xc16/v2.10/bin/bin/../../lib\libc99-elf.a(stpcpy.DA_o)
                  0x00161a                  ___stpcpy
                  0x00161a                  _stpcpy
 .libc.__syscall_ret
                  0x00165a         0x14 c:/program files/microchip/xc16/v2.10/bin/bin/../../lib\libc99-elf.a(syscall_ret.DA_o)
                  0x00165a                  ___syscall_ret
 .libc.tolower    0x00166e          0xc c:/program files/microchip/xc16/v2.10/bin/bin/../../lib\libc99-elf.a(tolower.DA_o)
                  0x00166e                  _tolower
 .libc.__tolower_l
                  0x00167a          0x2 c:/program files/microchip/xc16/v2.10/bin/bin/../../lib\libc99-elf.a(tolower.DA_o)
                  0x00167a                  ___tolower_l
                  0x00167a                  _tolower_l
 .libc.toupper    0x00167c          0xc c:/program files/microchip/xc16/v2.10/bin/bin/../../lib\libc99-elf.a(toupper.DA_o)
                  0x00167c                  _toupper
 .libc.__toupper_l
                  0x001688          0x2 c:/program files/microchip/xc16/v2.10/bin/bin/../../lib\libc99-elf.a(toupper.DA_o)
                  0x001688                  ___toupper_l
                  0x001688                  _toupper_l
 .libc.__dummy    0x00168a          0x2 c:/program files/microchip/xc16/v2.10/bin/bin/../../lib\libc99-elf.a(__init_stdio.DA_o)
                  0x00168a                  ___init_stderr
                  0x00168a                  ___init_stdin
 .libc.__init_stdio
                  0x00168c          0x6 c:/program files/microchip/xc16/v2.10/bin/bin/../../lib\libc99-elf.a(__init_stdio.DA_o)
                  0x00168c                  ___init_stdio
                  0x00168c                  ___init_stdio_needed
 .libc.__vsnprintf
                  0x001692         0x4a c:/program files/microchip/xc16/v2.10/bin/bin/../../lib\libc99-elf.a(__int_vsnprintf.DA_o)
                  0x001692                  ___vsnprintf
 .libm.eqdf2      0x0016dc          0xa c:/program files/microchip/xc16/v2.10/bin/bin/../../lib\libc99-pic30-elf.a(deqltle.DA_o)
                  0x0016dc                  ___eqdf2
                  0x0016dc                  ___ltdf2
                  0x0016dc                  ___ledf2
 .libm.gtdf2      0x0016e6          0xa c:/program files/microchip/xc16/v2.10/bin/bin/../../lib\libc99-pic30-elf.a(dgtge.DA_o)
                  0x0016e6                  ___gtdf2
                  0x0016e6                  ___gedf2
 .libm.extendsfdf2
                  0x0016f0         0x3e c:/program files/microchip/xc16/v2.10/bin/bin/../../lib\libc99-pic30-elf.a(extendsfdf.DA_o)
                  0x0016f0                  ___extendsfdf2
 .libm.fixdfsi    0x00172e         0x58 c:/program files/microchip/xc16/v2.10/bin/bin/../../lib\libc99-pic30-elf.a(fixdfsi.DA_o)
                  0x00172e                  _(float, int, long long, double, float, short, int)
 .libm.funpack    0x001786         0x2a c:/program files/microchip/xc16/v2.10/bin/bin/../../lib\libc99-pic30-elf.a(funpack.DA_o)
                  0x001786                  __funpack
 .libm.mulsi3     0x0017b0          0xc c:/program files/microchip/xc16/v2.10/bin/bin/../../lib\libc99-pic30-elf.a(mulsi3.DA_o)
                  0x0017b0                  ___mulp32peds3
                  0x0017b0                  ___mulsi3
                  0x0017b0                  ___mulp32eds3
 .lib_dpfops      0x0017bc         0xa2 c:/program files/microchip/xc16/v2.10/bin/bin/../../lib\libc99-pic30-elf.a(dpadd.DA_o)
                  0x0017bc                  ___subdf3
                  0x0017c8                  ___adddf3
 .lib_dpfops      0x00185e        0x15e c:/program files/microchip/xc16/v2.10/bin/bin/../../lib\libc99-pic30-elf.a(dpdiv.DA_o)
                  0x00185e                  ___divdf3
 .lib_dpfops      0x0019bc        0x11a c:/program files/microchip/xc16/v2.10/bin/bin/../../lib\libc99-pic30-elf.a(dpmul.DA_o)
                  0x0019bc                  ___muldf3
 .lib_dpfops      0x001ad6        0x128 c:/program files/microchip/xc16/v2.10/bin/bin/../../lib\libc99-pic30-elf.a(dpsubs.DA_o)
                  0x001af0                  __dxchg
                  0x001afe                  __drshft
                  0x001b58                  __dupchk
                  0x001bba                  __drndex
                  0x001bc4                  __dnsrnd
                  0x001bf0                  __dpakex
 .libm.__PplusBdi
                  0x001bfe         0x26 c:/program files/microchip/xc16/v2.10/bin/bin/../../lib\libc99-pic30-elf.a(divmoddi3.DA_o)
 .libm.__PminusBdi
                  0x001c24         0x26 c:/program files/microchip/xc16/v2.10/bin/bin/../../lib\libc99-pic30-elf.a(divmoddi3.DA_o)
 .libm.__udivmoddi3
                  0x001c4a         0xe6 c:/program files/microchip/xc16/v2.10/bin/bin/../../lib\libc99-pic30-elf.a(divmoddi3.DA_o)
                  0x001c4a                  ___udivmoddi3
 .libm.__udivdi3
                  0x001d30          0xe c:/program files/microchip/xc16/v2.10/bin/bin/../../lib\libc99-pic30-elf.a(divmoddi3.DA_o)
                  0x001d30                  ___udivdi3
 .libm.__umoddi3
                  0x001d3e          0x8 c:/program files/microchip/xc16/v2.10/bin/bin/../../lib\libc99-pic30-elf.a(divmoddi3.DA_o)
                  0x001d3e                  ___umoddi3
 .libm.__divdi3
                  0x001d46         0x60 c:/program files/microchip/xc16/v2.10/bin/bin/../../lib\libc99-pic30-elf.a(divmoddi3.DA_o)
                  0x001d46                  ___divdi3
 .libm.__moddi3
                  0x001da6         0x5c c:/program files/microchip/xc16/v2.10/bin/bin/../../lib\libc99-pic30-elf.a(divmoddi3.DA_o)
                  0x001da6                  ___moddi3
 .libm.dcompare
                  0x001e02         0x52 c:/program files/microchip/xc16/v2.10/bin/bin/../../lib\libc99-pic30-elf.a(dcompare.DA_o)
                  0x001e02                  __dcompare
 .libm.dtype      0x001e54         0x24 c:/program files/microchip/xc16/v2.10/bin/bin/../../lib\libc99-pic30-elf.a(dtype.DA_o)
                  0x001e54                  __dtype
 .libm.dunpack    0x001e78         0x4e c:/program files/microchip/xc16/v2.10/bin/bin/../../lib\libc99-pic30-elf.a(dunpack.DA_o)
                  0x001e78                  __dunpack
 .libm.dunpack2
                  0x001ec6         0x32 c:/program files/microchip/xc16/v2.10/bin/bin/../../lib\libc99-pic30-elf.a(dunpack2.DA_o)
                  0x001ec6                  __dunpack2
                  0x001ee8                  __dreturnNaN
                  0x001eee                  __dunpack2exit
 .libm.dPropagateNaN
                  0x001ef8         0x1c c:/program files/microchip/xc16/v2.10/bin/bin/../../lib\libc99-pic30-elf.a(dpropagateNaN.DA_o)
                  0x001ef8                  __dPropagateNaN
 .libc.floorl     0x001f14         0xf8 c:/program files/microchip/xc16/v2.10/bin/bin/../../lib\libm-elf.a(floorl.DA_o)
                  0x001f14                  _floorl

usercode
 *(usercode)

__FSEC            0x015f00          0x2
 *(__FSEC.sec*)
 __FSEC.sec       0x015f00          0x2 /CW/_FSEC
                  0x015f00                  __FSEC.sec

__FBSLIM
 *(__FBSLIM.sec*)

__FSIGN
 *(__FSIGN.sec*)

__FOSCSEL
 *(__FOSCSEL.sec*)

__FOSC
 *(__FOSC.sec*)

__FWDT
 *(__FWDT.sec*)

__FPOR
 *(__FPOR.sec*)

__FICD
 *(__FICD.sec*)

__FDEVOPT1
 *(__FDEVOPT1.sec*)

.comment
 *(.comment)

.debug_info       0x000000      0x18d4b
 *(.debug_info)
 .debug_info      0x000000        0x3d7 build/default/production/mcc_generated_files/drivers/spi_master.o
 .debug_info      0x0003d7        0xbf4 build/default/production/mcc_generated_files/drivers/timeout.o
 .debug_info      0x000fcb       0x2064 build/default/production/mcc_generated_files/examples/comm_module.o
 .debug_info      0x00302f        0x4cf build/default/production/mcc_generated_files/mqtt/mqtt_comm_bsd/mqtt_comm_layer.o
 .debug_info      0x0034fe       0x2087 build/default/production/mcc_generated_files/mqtt/mqtt_core/mqtt_core.o
 .debug_info      0x005585        0x3d2 build/default/production/mcc_generated_files/mqtt/mqtt_exchange_buffer/mqtt_exchange_buffer.o
 .debug_info      0x005957       0x1b74 build/default/production/mcc_generated_files/mqtt/mqtt_winc_adapter.o
 .debug_info      0x0074cb        0x26f build/default/production/mcc_generated_files/mqtt/mqtt_packetTransfer_interface.o
 .debug_info      0x00773a        0x549 build/default/production/mcc_generated_files/winc/driver/winc_asic.o
 .debug_info      0x007c83        0x898 build/default/production/mcc_generated_files/winc/driver/winc_spi.o
 .debug_info      0x00851b        0x275 build/default/production/mcc_generated_files/winc/driver/winc_drv.o
 .debug_info      0x008790        0xc16 build/default/production/mcc_generated_files/winc/driver/winc_adapter.o
 .debug_info      0x0093a6        0x645 build/default/production/mcc_generated_files/winc/driver/winc_hif.o
 .debug_info      0x0099eb       0x46a1 build/default/production/mcc_generated_files/winc/m2m/m2m_wifi.o
 .debug_info      0x00e08c        0x192 build/default/production/mcc_generated_files/winc/m2m/m2m_crypto.o
 .debug_info      0x00e21e        0x4e5 build/default/production/mcc_generated_files/winc/m2m/m2m_fwinfo.o
 .debug_info      0x00e703        0xc0a build/default/production/mcc_generated_files/winc/m2m/m2m_ssl.o
 .debug_info      0x00f30d        0x192 build/default/production/mcc_generated_files/winc/m2m/m2m_periph.o
 .debug_info      0x00f49f       0x1449 build/default/production/mcc_generated_files/winc/m2m/m2m_ota.o
 .debug_info      0x0108e8       0x204c build/default/production/mcc_generated_files/winc/socket/socket.o
 .debug_info      0x012934        0x2ea build/default/production/mcc_generated_files/winc/spi_flash/flexible_flash.o
 .debug_info      0x012c1e        0x6fc build/default/production/mcc_generated_files/winc/spi_flash/spi_flash.o
 .debug_info      0x01331a        0x534 build/default/production/mcc_generated_files/clock.o
 .debug_info      0x01384e        0x380 build/default/production/mcc_generated_files/system.o
 .debug_info      0x013bce        0x7b4 build/default/production/mcc_generated_files/interrupt_manager.o
 .debug_info      0x014382        0xbfe build/default/production/mcc_generated_files/spi1_driver.o
 .debug_info      0x014f80        0x448 build/default/production/mcc_generated_files/traps.o
 .debug_info      0x0153c8        0x1f1 build/default/production/mcc_generated_files/delay.o
 .debug_info      0x0155b9        0xc88 build/default/production/mcc_generated_files/pin_manager.o
 .debug_info      0x016241        0x783 build/default/production/mcc_generated_files/uart1.o
 .debug_info      0x0169c4        0x9bc build/default/production/mcc_generated_files/tmr1.o
 .debug_info      0x017380        0x97f build/default/production/mcc_generated_files/tmr2.o
 .debug_info      0x017cff        0x223 build/default/production/main.o
 .debug_info      0x017f22        0x56f build/default/production/buttons.o
 .debug_info      0x018491         0x8d c:/program files/microchip/xc16/v2.10/bin/bin/../../lib\libc99-pic30-elf.a(deqltle.DA_o)
 .debug_info      0x01851e         0x8b c:/program files/microchip/xc16/v2.10/bin/bin/../../lib\libc99-pic30-elf.a(dgtge.DA_o)
 .debug_info      0x0185a9         0x90 c:/program files/microchip/xc16/v2.10/bin/bin/../../lib\libc99-pic30-elf.a(extendsfdf.DA_o)
 .debug_info      0x018639         0x8d c:/program files/microchip/xc16/v2.10/bin/bin/../../lib\libc99-pic30-elf.a(fixdfsi.DA_o)
 .debug_info      0x0186c6         0x8d c:/program files/microchip/xc16/v2.10/bin/bin/../../lib\libc99-pic30-elf.a(funpack.DA_o)
 .debug_info      0x018753         0x8c c:/program files/microchip/xc16/v2.10/bin/bin/../../lib\libc99-pic30-elf.a(mulsi3.DA_o)
 .debug_info      0x0187df         0xa9 c:/program files/microchip/xc16/v2.10/bin/bin/../../lib\libc99-pic30-elf.a(dpadd.DA_o)
 .debug_info      0x018888         0xa9 c:/program files/microchip/xc16/v2.10/bin/bin/../../lib\libc99-pic30-elf.a(dpdiv.DA_o)
 .debug_info      0x018931         0xa9 c:/program files/microchip/xc16/v2.10/bin/bin/../../lib\libc99-pic30-elf.a(dpmul.DA_o)
 .debug_info      0x0189da         0xaa c:/program files/microchip/xc16/v2.10/bin/bin/../../lib\libc99-pic30-elf.a(dpsubs.DA_o)
 .debug_info      0x018a84         0x8e c:/program files/microchip/xc16/v2.10/bin/bin/../../lib\libc99-pic30-elf.a(dcompare.DA_o)
 .debug_info      0x018b12         0x8b c:/program files/microchip/xc16/v2.10/bin/bin/../../lib\libc99-pic30-elf.a(dtype.DA_o)
 .debug_info      0x018b9d         0x8d c:/program files/microchip/xc16/v2.10/bin/bin/../../lib\libc99-pic30-elf.a(dunpack.DA_o)
 .debug_info      0x018c2a         0x8e c:/program files/microchip/xc16/v2.10/bin/bin/../../lib\libc99-pic30-elf.a(dunpack2.DA_o)
 .debug_info      0x018cb8         0x93 c:/program files/microchip/xc16/v2.10/bin/bin/../../lib\libc99-pic30-elf.a(dpropagateNaN.DA_o)
 *(.gnu.linkonce.wi.*)

.debug_abbrev     0x000000       0x2a71
 *(.debug_abbrev)
 .debug_abbrev    0x000000        0x102 build/default/production/mcc_generated_files/drivers/spi_master.o
 .debug_abbrev    0x000102        0x221 build/default/production/mcc_generated_files/drivers/timeout.o
 .debug_abbrev    0x000323        0x294 build/default/production/mcc_generated_files/examples/comm_module.o
 .debug_abbrev    0x0005b7        0x101 build/default/production/mcc_generated_files/mqtt/mqtt_comm_bsd/mqtt_comm_layer.o
 .debug_abbrev    0x0006b8        0x24d build/default/production/mcc_generated_files/mqtt/mqtt_core/mqtt_core.o
 .debug_abbrev    0x000905         0xc5 build/default/production/mcc_generated_files/mqtt/mqtt_exchange_buffer/mqtt_exchange_buffer.o
 .debug_abbrev    0x0009ca        0x23b build/default/production/mcc_generated_files/mqtt/mqtt_winc_adapter.o
 .debug_abbrev    0x000c05         0xa4 build/default/production/mcc_generated_files/mqtt/mqtt_packetTransfer_interface.o
 .debug_abbrev    0x000ca9        0x137 build/default/production/mcc_generated_files/winc/driver/winc_asic.o
 .debug_abbrev    0x000de0        0x124 build/default/production/mcc_generated_files/winc/driver/winc_spi.o
 .debug_abbrev    0x000f04         0x6b build/default/production/mcc_generated_files/winc/driver/winc_drv.o
 .debug_abbrev    0x000f6f        0x1bf build/default/production/mcc_generated_files/winc/driver/winc_adapter.o
 .debug_abbrev    0x00112e        0x13f build/default/production/mcc_generated_files/winc/driver/winc_hif.o
 .debug_abbrev    0x00126d        0x1f0 build/default/production/mcc_generated_files/winc/m2m/m2m_wifi.o
 .debug_abbrev    0x00145d         0x1f build/default/production/mcc_generated_files/winc/m2m/m2m_crypto.o
 .debug_abbrev    0x00147c         0xf1 build/default/production/mcc_generated_files/winc/m2m/m2m_fwinfo.o
 .debug_abbrev    0x00156d        0x1d5 build/default/production/mcc_generated_files/winc/m2m/m2m_ssl.o
 .debug_abbrev    0x001742         0x1f build/default/production/mcc_generated_files/winc/m2m/m2m_periph.o
 .debug_abbrev    0x001761        0x1a8 build/default/production/mcc_generated_files/winc/m2m/m2m_ota.o
 .debug_abbrev    0x001909        0x21d build/default/production/mcc_generated_files/winc/socket/socket.o
 .debug_abbrev    0x001b26         0x94 build/default/production/mcc_generated_files/winc/spi_flash/flexible_flash.o
 .debug_abbrev    0x001bba         0xdd build/default/production/mcc_generated_files/winc/spi_flash/spi_flash.o
 .debug_abbrev    0x001c97         0xc5 build/default/production/mcc_generated_files/clock.o
 .debug_abbrev    0x001d5c         0xb4 build/default/production/mcc_generated_files/system.o
 .debug_abbrev    0x001e10         0xb4 build/default/production/mcc_generated_files/interrupt_manager.o
 .debug_abbrev    0x001ec4        0x1d0 build/default/production/mcc_generated_files/spi1_driver.o
 .debug_abbrev    0x002094        0x100 build/default/production/mcc_generated_files/traps.o
 .debug_abbrev    0x002194          0x1 build/default/production/mcc_generated_files/mcc.o
 .debug_abbrev    0x002195         0x67 build/default/production/mcc_generated_files/delay.o
 .debug_abbrev    0x0021fc        0x11e build/default/production/mcc_generated_files/pin_manager.o
 .debug_abbrev    0x00231a        0x131 build/default/production/mcc_generated_files/uart1.o
 .debug_abbrev    0x00244b        0x1a2 build/default/production/mcc_generated_files/tmr1.o
 .debug_abbrev    0x0025ed        0x1a2 build/default/production/mcc_generated_files/tmr2.o
 .debug_abbrev    0x00278f         0x6e build/default/production/main.o
 .debug_abbrev    0x0027fd        0x148 build/default/production/buttons.o
 .debug_abbrev    0x002945         0x14 c:/program files/microchip/xc16/v2.10/bin/bin/../../lib\libc99-pic30-elf.a(deqltle.DA_o)
 .debug_abbrev    0x002959         0x14 c:/program files/microchip/xc16/v2.10/bin/bin/../../lib\libc99-pic30-elf.a(dgtge.DA_o)
 .debug_abbrev    0x00296d         0x14 c:/program files/microchip/xc16/v2.10/bin/bin/../../lib\libc99-pic30-elf.a(extendsfdf.DA_o)
 .debug_abbrev    0x002981         0x14 c:/program files/microchip/xc16/v2.10/bin/bin/../../lib\libc99-pic30-elf.a(fixdfsi.DA_o)
 .debug_abbrev    0x002995         0x14 c:/program files/microchip/xc16/v2.10/bin/bin/../../lib\libc99-pic30-elf.a(funpack.DA_o)
 .debug_abbrev    0x0029a9         0x14 c:/program files/microchip/xc16/v2.10/bin/bin/../../lib\libc99-pic30-elf.a(mulsi3.DA_o)
 .debug_abbrev    0x0029bd         0x14 c:/program files/microchip/xc16/v2.10/bin/bin/../../lib\libc99-pic30-elf.a(dpadd.DA_o)
 .debug_abbrev    0x0029d1         0x14 c:/program files/microchip/xc16/v2.10/bin/bin/../../lib\libc99-pic30-elf.a(dpdiv.DA_o)
 .debug_abbrev    0x0029e5         0x14 c:/program files/microchip/xc16/v2.10/bin/bin/../../lib\libc99-pic30-elf.a(dpmul.DA_o)
 .debug_abbrev    0x0029f9         0x14 c:/program files/microchip/xc16/v2.10/bin/bin/../../lib\libc99-pic30-elf.a(dpsubs.DA_o)
 .debug_abbrev    0x002a0d         0x14 c:/program files/microchip/xc16/v2.10/bin/bin/../../lib\libc99-pic30-elf.a(dcompare.DA_o)
 .debug_abbrev    0x002a21         0x14 c:/program files/microchip/xc16/v2.10/bin/bin/../../lib\libc99-pic30-elf.a(dtype.DA_o)
 .debug_abbrev    0x002a35         0x14 c:/program files/microchip/xc16/v2.10/bin/bin/../../lib\libc99-pic30-elf.a(dunpack.DA_o)
 .debug_abbrev    0x002a49         0x14 c:/program files/microchip/xc16/v2.10/bin/bin/../../lib\libc99-pic30-elf.a(dunpack2.DA_o)
 .debug_abbrev    0x002a5d         0x14 c:/program files/microchip/xc16/v2.10/bin/bin/../../lib\libc99-pic30-elf.a(dpropagateNaN.DA_o)

.debug_line       0x000000       0x3e26
 *(.debug_line)
 .debug_line      0x000000         0xec build/default/production/mcc_generated_files/drivers/spi_master.o
 .debug_line      0x0000ec        0x20f build/default/production/mcc_generated_files/drivers/timeout.o
 .debug_line      0x0002fb        0x3f0 build/default/production/mcc_generated_files/examples/comm_module.o
 .debug_line      0x0006eb        0x146 build/default/production/mcc_generated_files/mqtt/mqtt_comm_bsd/mqtt_comm_layer.o
 .debug_line      0x000831        0x463 build/default/production/mcc_generated_files/mqtt/mqtt_core/mqtt_core.o
 .debug_line      0x000c94        0x110 build/default/production/mcc_generated_files/mqtt/mqtt_exchange_buffer/mqtt_exchange_buffer.o
 .debug_line      0x000da4        0x2ae build/default/production/mcc_generated_files/mqtt/mqtt_winc_adapter.o
 .debug_line      0x001052         0xdc build/default/production/mcc_generated_files/mqtt/mqtt_packetTransfer_interface.o
 .debug_line      0x00112e        0x1bd build/default/production/mcc_generated_files/winc/driver/winc_asic.o
 .debug_line      0x0012eb        0x1e5 build/default/production/mcc_generated_files/winc/driver/winc_spi.o
 .debug_line      0x0014d0        0x110 build/default/production/mcc_generated_files/winc/driver/winc_drv.o
 .debug_line      0x0015e0        0x1ee build/default/production/mcc_generated_files/winc/driver/winc_adapter.o
 .debug_line      0x0017ce        0x191 build/default/production/mcc_generated_files/winc/driver/winc_hif.o
 .debug_line      0x00195f        0x408 build/default/production/mcc_generated_files/winc/m2m/m2m_wifi.o
 .debug_line      0x001d67         0x1a build/default/production/mcc_generated_files/winc/m2m/m2m_crypto.o
 .debug_line      0x001d81        0x19c build/default/production/mcc_generated_files/winc/m2m/m2m_fwinfo.o
 .debug_line      0x001f1d        0x1e6 build/default/production/mcc_generated_files/winc/m2m/m2m_ssl.o
 .debug_line      0x002103         0x1a build/default/production/mcc_generated_files/winc/m2m/m2m_periph.o
 .debug_line      0x00211d        0x1c4 build/default/production/mcc_generated_files/winc/m2m/m2m_ota.o
 .debug_line      0x0022e1        0x3c1 build/default/production/mcc_generated_files/winc/socket/socket.o
 .debug_line      0x0026a2         0xcf build/default/production/mcc_generated_files/winc/spi_flash/flexible_flash.o
 .debug_line      0x002771        0x1e8 build/default/production/mcc_generated_files/winc/spi_flash/spi_flash.o
 .debug_line      0x002959        0x12d build/default/production/mcc_generated_files/clock.o
 .debug_line      0x002a86        0x121 build/default/production/mcc_generated_files/system.o
 .debug_line      0x002ba7        0x128 build/default/production/mcc_generated_files/interrupt_manager.o
 .debug_line      0x002ccf        0x185 build/default/production/mcc_generated_files/spi1_driver.o
 .debug_line      0x002e54        0x150 build/default/production/mcc_generated_files/traps.o
 .debug_line      0x002fa4         0x1a build/default/production/mcc_generated_files/mcc.o
 .debug_line      0x002fbe         0xa6 build/default/production/mcc_generated_files/delay.o
 .debug_line      0x003064        0x162 build/default/production/mcc_generated_files/pin_manager.o
 .debug_line      0x0031c6        0x157 build/default/production/mcc_generated_files/uart1.o
 .debug_line      0x00331d        0x163 build/default/production/mcc_generated_files/tmr1.o
 .debug_line      0x003480        0x163 build/default/production/mcc_generated_files/tmr2.o
 .debug_line      0x0035e3         0x47 build/default/production/main.o
 .debug_line      0x00362a        0x148 build/default/production/buttons.o
 .debug_line      0x003772         0x3a c:/program files/microchip/xc16/v2.10/bin/bin/../../lib\libc99-pic30-elf.a(deqltle.DA_o)
 .debug_line      0x0037ac         0x38 c:/program files/microchip/xc16/v2.10/bin/bin/../../lib\libc99-pic30-elf.a(dgtge.DA_o)
 .debug_line      0x0037e4         0x59 c:/program files/microchip/xc16/v2.10/bin/bin/../../lib\libc99-pic30-elf.a(extendsfdf.DA_o)
 .debug_line      0x00383d         0x61 c:/program files/microchip/xc16/v2.10/bin/bin/../../lib\libc99-pic30-elf.a(fixdfsi.DA_o)
 .debug_line      0x00389e         0x4a c:/program files/microchip/xc16/v2.10/bin/bin/../../lib\libc99-pic30-elf.a(funpack.DA_o)
 .debug_line      0x0038e8         0x3a c:/program files/microchip/xc16/v2.10/bin/bin/../../lib\libc99-pic30-elf.a(mulsi3.DA_o)
 .debug_line      0x003922         0xa2 c:/program files/microchip/xc16/v2.10/bin/bin/../../lib\libc99-pic30-elf.a(dpadd.DA_o)
 .debug_line      0x0039c4        0x100 c:/program files/microchip/xc16/v2.10/bin/bin/../../lib\libc99-pic30-elf.a(dpdiv.DA_o)
 .debug_line      0x003ac4         0xde c:/program files/microchip/xc16/v2.10/bin/bin/../../lib\libc99-pic30-elf.a(dpmul.DA_o)
 .debug_line      0x003ba2         0xe8 c:/program files/microchip/xc16/v2.10/bin/bin/../../lib\libc99-pic30-elf.a(dpsubs.DA_o)
 .debug_line      0x003c8a         0x5f c:/program files/microchip/xc16/v2.10/bin/bin/../../lib\libc99-pic30-elf.a(dcompare.DA_o)
 .debug_line      0x003ce9         0x45 c:/program files/microchip/xc16/v2.10/bin/bin/../../lib\libc99-pic30-elf.a(dtype.DA_o)
 .debug_line      0x003d2e         0x5c c:/program files/microchip/xc16/v2.10/bin/bin/../../lib\libc99-pic30-elf.a(dunpack.DA_o)
 .debug_line      0x003d8a         0x53 c:/program files/microchip/xc16/v2.10/bin/bin/../../lib\libc99-pic30-elf.a(dunpack2.DA_o)
 .debug_line      0x003ddd         0x49 c:/program files/microchip/xc16/v2.10/bin/bin/../../lib\libc99-pic30-elf.a(dpropagateNaN.DA_o)

.debug_frame      0x000000       0x2a56
 *(.debug_frame)
 .debug_frame     0x000000         0x48 build/default/production/mcc_generated_files/drivers/spi_master.o
 .debug_frame     0x000048        0x254 build/default/production/mcc_generated_files/drivers/timeout.o
 .debug_frame     0x00029c        0x1e6 build/default/production/mcc_generated_files/examples/comm_module.o
 .debug_frame     0x000482         0xb0 build/default/production/mcc_generated_files/mqtt/mqtt_comm_bsd/mqtt_comm_layer.o
 .debug_frame     0x000532        0x33a build/default/production/mcc_generated_files/mqtt/mqtt_core/mqtt_core.o
 .debug_frame     0x00086c         0x7c build/default/production/mcc_generated_files/mqtt/mqtt_exchange_buffer/mqtt_exchange_buffer.o
 .debug_frame     0x0008e8        0x2cc build/default/production/mcc_generated_files/mqtt/mqtt_winc_adapter.o
 .debug_frame     0x000bb4         0x48 build/default/production/mcc_generated_files/mqtt/mqtt_packetTransfer_interface.o
 .debug_frame     0x000bfc        0x15c build/default/production/mcc_generated_files/winc/driver/winc_asic.o
 .debug_frame     0x000d58        0x1fa build/default/production/mcc_generated_files/winc/driver/winc_spi.o
 .debug_frame     0x000f52         0x62 build/default/production/mcc_generated_files/winc/driver/winc_drv.o
 .debug_frame     0x000fb4        0x180 build/default/production/mcc_generated_files/winc/driver/winc_adapter.o
 .debug_frame     0x001134        0x12a build/default/production/mcc_generated_files/winc/driver/winc_hif.o
 .debug_frame     0x00125e        0x76e build/default/production/mcc_generated_files/winc/m2m/m2m_wifi.o
 .debug_frame     0x0019cc         0x6c build/default/production/mcc_generated_files/winc/m2m/m2m_fwinfo.o
 .debug_frame     0x001a38         0xfe build/default/production/mcc_generated_files/winc/m2m/m2m_ssl.o
 .debug_frame     0x001b36        0x180 build/default/production/mcc_generated_files/winc/m2m/m2m_ota.o
 .debug_frame     0x001cb6        0x2b8 build/default/production/mcc_generated_files/winc/socket/socket.o
 .debug_frame     0x001f6e         0x2e build/default/production/mcc_generated_files/winc/spi_flash/flexible_flash.o
 .debug_frame     0x001f9c        0x1ac build/default/production/mcc_generated_files/winc/spi_flash/spi_flash.o
 .debug_frame     0x002148         0x2e build/default/production/mcc_generated_files/clock.o
 .debug_frame     0x002176         0x2e build/default/production/mcc_generated_files/system.o
 .debug_frame     0x0021a4         0x2e build/default/production/mcc_generated_files/interrupt_manager.o
 .debug_frame     0x0021d2        0x118 build/default/production/mcc_generated_files/spi1_driver.o
 .debug_frame     0x0022ea        0x17e build/default/production/mcc_generated_files/traps.o
 .debug_frame     0x002468         0x48 build/default/production/mcc_generated_files/delay.o
 .debug_frame     0x0024b0         0xba build/default/production/mcc_generated_files/pin_manager.o
 .debug_frame     0x00256a        0x118 build/default/production/mcc_generated_files/uart1.o
 .debug_frame     0x002682        0x18a build/default/production/mcc_generated_files/tmr1.o
 .debug_frame     0x00280c        0x18a build/default/production/mcc_generated_files/tmr2.o
 .debug_frame     0x002996         0x44 build/default/production/main.o
 .debug_frame     0x0029da         0x7c build/default/production/buttons.o

.debug_str        0x000000        0x9a9
 *(.debug_str)
 .debug_str       0x000000         0x79 build/default/production/mcc_generated_files/drivers/timeout.o
 .debug_str       0x000079         0xac build/default/production/mcc_generated_files/examples/comm_module.o
 .debug_str       0x000125          0xe build/default/production/mcc_generated_files/mqtt/mqtt_comm_bsd/mqtt_comm_layer.o
 .debug_str       0x000133         0xd7 build/default/production/mcc_generated_files/mqtt/mqtt_core/mqtt_core.o
 .debug_str       0x00020a          0xe build/default/production/mcc_generated_files/mqtt/mqtt_exchange_buffer/mqtt_exchange_buffer.o
 .debug_str       0x000218         0x44 build/default/production/mcc_generated_files/mqtt/mqtt_winc_adapter.o
 .debug_str       0x00025c         0x14 build/default/production/mcc_generated_files/mqtt/mqtt_packetTransfer_interface.o
 .debug_str       0x000270         0x21 build/default/production/mcc_generated_files/winc/driver/winc_asic.o
 .debug_str       0x000291         0x45 build/default/production/mcc_generated_files/winc/driver/winc_spi.o
 .debug_str       0x0002d6         0x32 build/default/production/mcc_generated_files/winc/driver/winc_adapter.o
 .debug_str       0x000308         0x2e build/default/production/mcc_generated_files/winc/driver/winc_hif.o
 .debug_str       0x000336        0x2a4 build/default/production/mcc_generated_files/winc/m2m/m2m_wifi.o
 .debug_str       0x0005da         0x14 build/default/production/mcc_generated_files/winc/m2m/m2m_ssl.o
 .debug_str       0x0005ee         0x55 build/default/production/mcc_generated_files/winc/m2m/m2m_ota.o
 .debug_str       0x000643        0x12e build/default/production/mcc_generated_files/winc/socket/socket.o
 .debug_str       0x000771         0x34 build/default/production/mcc_generated_files/winc/spi_flash/spi_flash.o
 .debug_str       0x0007a5         0x1d build/default/production/mcc_generated_files/clock.o
 .debug_str       0x0007c2          0xc build/default/production/mcc_generated_files/system.o
 .debug_str       0x0007ce         0x1b build/default/production/mcc_generated_files/interrupt_manager.o
 .debug_str       0x0007e9         0x77 build/default/production/mcc_generated_files/spi1_driver.o
 .debug_str       0x000860         0x18 build/default/production/mcc_generated_files/traps.o
 .debug_str       0x000878         0x7d build/default/production/mcc_generated_files/pin_manager.o
 .debug_str       0x0008f5         0x15 build/default/production/mcc_generated_files/uart1.o
 .debug_str       0x00090a         0x32 build/default/production/mcc_generated_files/tmr1.o
 .debug_str       0x00093c         0x32 build/default/production/mcc_generated_files/tmr2.o
 .debug_str       0x00096e         0x3b build/default/production/buttons.o

.debug_loc
 *(.debug_loc)

.debug_macinfo
 *(.debug_macinfo)

.debug_pubnames
                  0x000000       0x2111
 *(.debug_pubnames)
 .debug_pubnames
                  0x000000         0x42 build/default/production/mcc_generated_files/drivers/spi_master.o
 .debug_pubnames
                  0x000042        0x24b build/default/production/mcc_generated_files/drivers/timeout.o
 .debug_pubnames
                  0x00028d        0x120 build/default/production/mcc_generated_files/examples/comm_module.o
 .debug_pubnames
                  0x0003ad         0x99 build/default/production/mcc_generated_files/mqtt/mqtt_comm_bsd/mqtt_comm_layer.o
 .debug_pubnames
                  0x000446        0x1c3 build/default/production/mcc_generated_files/mqtt/mqtt_core/mqtt_core.o
 .debug_pubnames
                  0x000609         0x83 build/default/production/mcc_generated_files/mqtt/mqtt_exchange_buffer/mqtt_exchange_buffer.o
 .debug_pubnames
                  0x00068c        0x1b2 build/default/production/mcc_generated_files/mqtt/mqtt_winc_adapter.o
 .debug_pubnames
                  0x00083e         0x74 build/default/production/mcc_generated_files/mqtt/mqtt_packetTransfer_interface.o
 .debug_pubnames
                  0x0008b2         0xfd build/default/production/mcc_generated_files/winc/driver/winc_asic.o
 .debug_pubnames
                  0x0009af        0x12f build/default/production/mcc_generated_files/winc/driver/winc_spi.o
 .debug_pubnames
                  0x000ade         0x4b build/default/production/mcc_generated_files/winc/driver/winc_drv.o
 .debug_pubnames
                  0x000b29        0x198 build/default/production/mcc_generated_files/winc/driver/winc_adapter.o
 .debug_pubnames
                  0x000cc1         0xdc build/default/production/mcc_generated_files/winc/driver/winc_hif.o
 .debug_pubnames
                  0x000d9d        0x746 build/default/production/mcc_generated_files/winc/m2m/m2m_wifi.o
 .debug_pubnames
                  0x0014e3         0x50 build/default/production/mcc_generated_files/winc/m2m/m2m_fwinfo.o
 .debug_pubnames
                  0x001533        0x102 build/default/production/mcc_generated_files/winc/m2m/m2m_ssl.o
 .debug_pubnames
                  0x001635        0x178 build/default/production/mcc_generated_files/winc/m2m/m2m_ota.o
 .debug_pubnames
                  0x0017ad        0x197 build/default/production/mcc_generated_files/winc/socket/socket.o
 .debug_pubnames
                  0x001944         0x36 build/default/production/mcc_generated_files/winc/spi_flash/flexible_flash.o
 .debug_pubnames
                  0x00197a         0x79 build/default/production/mcc_generated_files/winc/spi_flash/spi_flash.o
 .debug_pubnames
                  0x0019f3         0x27 build/default/production/mcc_generated_files/clock.o
 .debug_pubnames
                  0x001a1a         0x28 build/default/production/mcc_generated_files/system.o
 .debug_pubnames
                  0x001a42         0x2b build/default/production/mcc_generated_files/interrupt_manager.o
 .debug_pubnames
                  0x001a6d         0xe2 build/default/production/mcc_generated_files/spi1_driver.o
 .debug_pubnames
                  0x001b4f         0x7d build/default/production/mcc_generated_files/traps.o
 .debug_pubnames
                  0x001bcc         0x40 build/default/production/mcc_generated_files/delay.o
 .debug_pubnames
                  0x001c0c         0xa4 build/default/production/mcc_generated_files/pin_manager.o
 .debug_pubnames
                  0x001cb0         0xc2 build/default/production/mcc_generated_files/uart1.o
 .debug_pubnames
                  0x001d72        0x156 build/default/production/mcc_generated_files/tmr1.o
 .debug_pubnames
                  0x001ec8        0x156 build/default/production/mcc_generated_files/tmr2.o
 .debug_pubnames
                  0x00201e         0x1b build/default/production/main.o
 .debug_pubnames
                  0x002039         0xd8 build/default/production/buttons.o

.debug_ranges
 *(.debug_ranges)

.debug_aranges    0x000000        0x4e8
 *(.debug_aranges)
 .debug_aranges
                  0x000000         0x18 build/default/production/mcc_generated_files/drivers/spi_master.o
 .debug_aranges
                  0x000018         0x18 build/default/production/mcc_generated_files/drivers/timeout.o
 .debug_aranges
                  0x000030         0x18 build/default/production/mcc_generated_files/examples/comm_module.o
 .debug_aranges
                  0x000048         0x18 build/default/production/mcc_generated_files/mqtt/mqtt_comm_bsd/mqtt_comm_layer.o
 .debug_aranges
                  0x000060         0x18 build/default/production/mcc_generated_files/mqtt/mqtt_core/mqtt_core.o
 .debug_aranges
                  0x000078         0x18 build/default/production/mcc_generated_files/mqtt/mqtt_exchange_buffer/mqtt_exchange_buffer.o
 .debug_aranges
                  0x000090         0x18 build/default/production/mcc_generated_files/mqtt/mqtt_winc_adapter.o
 .debug_aranges
                  0x0000a8         0x18 build/default/production/mcc_generated_files/mqtt/mqtt_packetTransfer_interface.o
 .debug_aranges
                  0x0000c0         0x18 build/default/production/mcc_generated_files/winc/driver/winc_asic.o
 .debug_aranges
                  0x0000d8         0x18 build/default/production/mcc_generated_files/winc/driver/winc_spi.o
 .debug_aranges
                  0x0000f0         0x18 build/default/production/mcc_generated_files/winc/driver/winc_drv.o
 .debug_aranges
                  0x000108         0x18 build/default/production/mcc_generated_files/winc/driver/winc_adapter.o
 .debug_aranges
                  0x000120         0x18 build/default/production/mcc_generated_files/winc/driver/winc_hif.o
 .debug_aranges
                  0x000138         0x18 build/default/production/mcc_generated_files/winc/m2m/m2m_wifi.o
 .debug_aranges
                  0x000150         0x18 build/default/production/mcc_generated_files/winc/m2m/m2m_fwinfo.o
 .debug_aranges
                  0x000168         0x18 build/default/production/mcc_generated_files/winc/m2m/m2m_ssl.o
 .debug_aranges
                  0x000180         0x18 build/default/production/mcc_generated_files/winc/m2m/m2m_ota.o
 .debug_aranges
                  0x000198         0x18 build/default/production/mcc_generated_files/winc/socket/socket.o
 .debug_aranges
                  0x0001b0         0x18 build/default/production/mcc_generated_files/winc/spi_flash/flexible_flash.o
 .debug_aranges
                  0x0001c8         0x18 build/default/production/mcc_generated_files/winc/spi_flash/spi_flash.o
 .debug_aranges
                  0x0001e0         0x18 build/default/production/mcc_generated_files/clock.o
 .debug_aranges
                  0x0001f8         0x18 build/default/production/mcc_generated_files/system.o
 .debug_aranges
                  0x000210         0x18 build/default/production/mcc_generated_files/interrupt_manager.o
 .debug_aranges
                  0x000228         0x18 build/default/production/mcc_generated_files/spi1_driver.o
 .debug_aranges
                  0x000240         0x18 build/default/production/mcc_generated_files/traps.o
 .debug_aranges
                  0x000258         0x18 build/default/production/mcc_generated_files/delay.o
 .debug_aranges
                  0x000270         0x18 build/default/production/mcc_generated_files/pin_manager.o
 .debug_aranges
                  0x000288         0x20 build/default/production/mcc_generated_files/uart1.o
 .debug_aranges
                  0x0002a8         0x18 build/default/production/mcc_generated_files/tmr1.o
 .debug_aranges
                  0x0002c0         0x18 build/default/production/mcc_generated_files/tmr2.o
 .debug_aranges
                  0x0002d8         0x18 build/default/production/main.o
 .debug_aranges
                  0x0002f0         0x18 build/default/production/buttons.o
 .debug_aranges
                  0x000308         0x20 c:/program files/microchip/xc16/v2.10/bin/bin/../../lib\libc99-pic30-elf.a(deqltle.DA_o)
 .debug_aranges
                  0x000328         0x20 c:/program files/microchip/xc16/v2.10/bin/bin/../../lib\libc99-pic30-elf.a(dgtge.DA_o)
 .debug_aranges
                  0x000348         0x20 c:/program files/microchip/xc16/v2.10/bin/bin/../../lib\libc99-pic30-elf.a(extendsfdf.DA_o)
 .debug_aranges
                  0x000368         0x20 c:/program files/microchip/xc16/v2.10/bin/bin/../../lib\libc99-pic30-elf.a(fixdfsi.DA_o)
 .debug_aranges
                  0x000388         0x20 c:/program files/microchip/xc16/v2.10/bin/bin/../../lib\libc99-pic30-elf.a(funpack.DA_o)
 .debug_aranges
                  0x0003a8         0x20 c:/program files/microchip/xc16/v2.10/bin/bin/../../lib\libc99-pic30-elf.a(mulsi3.DA_o)
 .debug_aranges
                  0x0003c8         0x20 c:/program files/microchip/xc16/v2.10/bin/bin/../../lib\libc99-pic30-elf.a(dpadd.DA_o)
 .debug_aranges
                  0x0003e8         0x20 c:/program files/microchip/xc16/v2.10/bin/bin/../../lib\libc99-pic30-elf.a(dpdiv.DA_o)
 .debug_aranges
                  0x000408         0x20 c:/program files/microchip/xc16/v2.10/bin/bin/../../lib\libc99-pic30-elf.a(dpmul.DA_o)
 .debug_aranges
                  0x000428         0x20 c:/program files/microchip/xc16/v2.10/bin/bin/../../lib\libc99-pic30-elf.a(dpsubs.DA_o)
 .debug_aranges
                  0x000448         0x20 c:/program files/microchip/xc16/v2.10/bin/bin/../../lib\libc99-pic30-elf.a(dcompare.DA_o)
 .debug_aranges
                  0x000468         0x20 c:/program files/microchip/xc16/v2.10/bin/bin/../../lib\libc99-pic30-elf.a(dtype.DA_o)
 .debug_aranges
                  0x000488         0x20 c:/program files/microchip/xc16/v2.10/bin/bin/../../lib\libc99-pic30-elf.a(dunpack.DA_o)
 .debug_aranges
                  0x0004a8         0x20 c:/program files/microchip/xc16/v2.10/bin/bin/../../lib\libc99-pic30-elf.a(dunpack2.DA_o)
 .debug_aranges
                  0x0004c8         0x20 c:/program files/microchip/xc16/v2.10/bin/bin/../../lib\libc99-pic30-elf.a(dpropagateNaN.DA_o)
                    0x0000                  WREG0 = 0x0
                    0x0000                  _WREG0 = 0x0
                    0x0002                  WREG1 = 0x2
                    0x0002                  _WREG1 = 0x2
                    0x0004                  WREG2 = 0x4
                    0x0004                  _WREG2 = 0x4
                    0x0006                  WREG3 = 0x6
                    0x0006                  _WREG3 = 0x6
                    0x0008                  WREG4 = 0x8
                    0x0008                  _WREG4 = 0x8
                    0x000a                  WREG5 = 0xa
                    0x000a                  _WREG5 = 0xa
                    0x000c                  WREG6 = 0xc
                    0x000c                  _WREG6 = 0xc
                    0x000e                  WREG7 = 0xe
                    0x000e                  _WREG7 = 0xe
                    0x0010                  WREG8 = 0x10
                    0x0010                  _WREG8 = 0x10
                    0x0012                  WREG9 = 0x12
                    0x0012                  _WREG9 = 0x12
                    0x0014                  WREG10 = 0x14
                    0x0014                  _WREG10 = 0x14
                    0x0016                  WREG11 = 0x16
                    0x0016                  _WREG11 = 0x16
                    0x0018                  WREG12 = 0x18
                    0x0018                  _WREG12 = 0x18
                    0x001a                  WREG13 = 0x1a
                    0x001a                  _WREG13 = 0x1a
                    0x001c                  WREG14 = 0x1c
                    0x001c                  _WREG14 = 0x1c
                    0x001e                  WREG15 = 0x1e
                    0x001e                  _WREG15 = 0x1e
                    0x0020                  SPLIM = 0x20
                    0x0020                  _SPLIM = 0x20
                    0x002e                  PCL = 0x2e
                    0x002e                  _PCL = 0x2e
                    0x0030                  PCH = 0x30
                    0x0030                  _PCH = 0x30
                    0x0032                  DSRPAG = 0x32
                    0x0032                  _DSRPAG = 0x32
                    0x0032                  _DSRPAGbits = 0x32
                    0x0034                  DSWPAG = 0x34
                    0x0034                  _DSWPAG = 0x34
                    0x0034                  _DSWPAGbits = 0x34
                    0x0036                  RCOUNT = 0x36
                    0x0036                  _RCOUNT = 0x36
                    0x0042                  SR = 0x42
                    0x0042                  _SR = 0x42
                    0x0042                  _SRbits = 0x42
                    0x0044                  CORCON = 0x44
                    0x0044                  _CORCON = 0x44
                    0x0044                  _CORCONbits = 0x44
                    0x0052                  DISICNT = 0x52
                    0x0052                  _DISICNT = 0x52
                    0x0052                  _DISICNTbits = 0x52
                    0x0054                  TBLPAG = 0x54
                    0x0054                  _TBLPAG = 0x54
                    0x0054                  _TBLPAGbits = 0x54
                    0x0080                  INTCON1 = 0x80
                    0x0080                  _INTCON1 = 0x80
                    0x0080                  _INTCON1bits = 0x80
                    0x0082                  INTCON2 = 0x82
                    0x0082                  _INTCON2 = 0x82
                    0x0082                  _INTCON2bits = 0x82
                    0x0086                  INTCON4 = 0x86
                    0x0086                  _INTCON4 = 0x86
                    0x0086                  _INTCON4bits = 0x86
                    0x0088                  IFS0 = 0x88
                    0x0088                  _IFS0 = 0x88
                    0x0088                  _IFS0bits = 0x88
                    0x008a                  IFS1 = 0x8a
                    0x008a                  _IFS1 = 0x8a
                    0x008a                  _IFS1bits = 0x8a
                    0x008c                  IFS2 = 0x8c
                    0x008c                  _IFS2 = 0x8c
                    0x008c                  _IFS2bits = 0x8c
                    0x008e                  IFS3 = 0x8e
                    0x008e                  _IFS3 = 0x8e
                    0x008e                  _IFS3bits = 0x8e
                    0x0090                  IFS4 = 0x90
                    0x0090                  _IFS4 = 0x90
                    0x0090                  _IFS4bits = 0x90
                    0x0092                  IFS5 = 0x92
                    0x0092                  _IFS5 = 0x92
                    0x0092                  _IFS5bits = 0x92
                    0x0094                  IFS6 = 0x94
                    0x0094                  _IFS6 = 0x94
                    0x0094                  _IFS6bits = 0x94
                    0x0096                  IFS7 = 0x96
                    0x0096                  _IFS7 = 0x96
                    0x0096                  _IFS7bits = 0x96
                    0x0098                  IEC0 = 0x98
                    0x0098                  _IEC0 = 0x98
                    0x0098                  _IEC0bits = 0x98
                    0x009a                  IEC1 = 0x9a
                    0x009a                  _IEC1 = 0x9a
                    0x009a                  _IEC1bits = 0x9a
                    0x009c                  IEC2 = 0x9c
                    0x009c                  _IEC2 = 0x9c
                    0x009c                  _IEC2bits = 0x9c
                    0x009e                  IEC3 = 0x9e
                    0x009e                  _IEC3 = 0x9e
                    0x009e                  _IEC3bits = 0x9e
                    0x00a0                  IEC4 = 0xa0
                    0x00a0                  _IEC4 = 0xa0
                    0x00a0                  _IEC4bits = 0xa0
                    0x00a2                  IEC5 = 0xa2
                    0x00a2                  _IEC5 = 0xa2
                    0x00a2                  _IEC5bits = 0xa2
                    0x00a4                  IEC6 = 0xa4
                    0x00a4                  _IEC6 = 0xa4
                    0x00a4                  _IEC6bits = 0xa4
                    0x00a6                  IEC7 = 0xa6
                    0x00a6                  _IEC7 = 0xa6
                    0x00a6                  _IEC7bits = 0xa6
                    0x00a8                  IPC0 = 0xa8
                    0x00a8                  _IPC0 = 0xa8
                    0x00a8                  _IPC0bits = 0xa8
                    0x00aa                  IPC1 = 0xaa
                    0x00aa                  _IPC1 = 0xaa
                    0x00aa                  _IPC1bits = 0xaa
                    0x00ac                  IPC2 = 0xac
                    0x00ac                  _IPC2 = 0xac
                    0x00ac                  _IPC2bits = 0xac
                    0x00ae                  IPC3 = 0xae
                    0x00ae                  _IPC3 = 0xae
                    0x00ae                  _IPC3bits = 0xae
                    0x00b0                  IPC4 = 0xb0
                    0x00b0                  _IPC4 = 0xb0
                    0x00b0                  _IPC4bits = 0xb0
                    0x00b2                  IPC5 = 0xb2
                    0x00b2                  _IPC5 = 0xb2
                    0x00b2                  _IPC5bits = 0xb2
                    0x00b4                  IPC6 = 0xb4
                    0x00b4                  _IPC6 = 0xb4
                    0x00b4                  _IPC6bits = 0xb4
                    0x00b6                  IPC7 = 0xb6
                    0x00b6                  _IPC7 = 0xb6
                    0x00b6                  _IPC7bits = 0xb6
                    0x00b8                  IPC8 = 0xb8
                    0x00b8                  _IPC8 = 0xb8
                    0x00b8                  _IPC8bits = 0xb8
                    0x00ba                  IPC9 = 0xba
                    0x00ba                  _IPC9 = 0xba
                    0x00ba                  _IPC9bits = 0xba
                    0x00bc                  IPC10 = 0xbc
                    0x00bc                  _IPC10 = 0xbc
                    0x00bc                  _IPC10bits = 0xbc
                    0x00be                  IPC11 = 0xbe
                    0x00be                  _IPC11 = 0xbe
                    0x00be                  _IPC11bits = 0xbe
                    0x00c0                  IPC12 = 0xc0
                    0x00c0                  _IPC12 = 0xc0
                    0x00c0                  _IPC12bits = 0xc0
                    0x00c2                  IPC13 = 0xc2
                    0x00c2                  _IPC13 = 0xc2
                    0x00c2                  _IPC13bits = 0xc2
                    0x00c4                  IPC14 = 0xc4
                    0x00c4                  _IPC14 = 0xc4
                    0x00c4                  _IPC14bits = 0xc4
                    0x00c6                  IPC15 = 0xc6
                    0x00c6                  _IPC15 = 0xc6
                    0x00c6                  _IPC15bits = 0xc6
                    0x00c8                  IPC16 = 0xc8
                    0x00c8                  _IPC16 = 0xc8
                    0x00c8                  _IPC16bits = 0xc8
                    0x00ca                  IPC17 = 0xca
                    0x00ca                  _IPC17 = 0xca
                    0x00ca                  _IPC17bits = 0xca
                    0x00cc                  IPC18 = 0xcc
                    0x00cc                  _IPC18 = 0xcc
                    0x00cc                  _IPC18bits = 0xcc
                    0x00ce                  IPC19 = 0xce
                    0x00ce                  _IPC19 = 0xce
                    0x00ce                  _IPC19bits = 0xce
                    0x00d0                  IPC20 = 0xd0
                    0x00d0                  _IPC20 = 0xd0
                    0x00d0                  _IPC20bits = 0xd0
                    0x00d2                  IPC21 = 0xd2
                    0x00d2                  _IPC21 = 0xd2
                    0x00d2                  _IPC21bits = 0xd2
                    0x00d4                  IPC22 = 0xd4
                    0x00d4                  _IPC22 = 0xd4
                    0x00d4                  _IPC22bits = 0xd4
                    0x00d6                  IPC23 = 0xd6
                    0x00d6                  _IPC23 = 0xd6
                    0x00d6                  _IPC23bits = 0xd6
                    0x00d8                  IPC24 = 0xd8
                    0x00d8                  _IPC24 = 0xd8
                    0x00d8                  _IPC24bits = 0xd8
                    0x00da                  IPC25 = 0xda
                    0x00da                  _IPC25 = 0xda
                    0x00da                  _IPC25bits = 0xda
                    0x00dc                  IPC26 = 0xdc
                    0x00dc                  _IPC26 = 0xdc
                    0x00dc                  _IPC26bits = 0xdc
                    0x00de                  IPC27 = 0xde
                    0x00de                  _IPC27 = 0xde
                    0x00de                  _IPC27bits = 0xde
                    0x00e0                  IPC28 = 0xe0
                    0x00e0                  _IPC28 = 0xe0
                    0x00e0                  _IPC28bits = 0xe0
                    0x00e2                  IPC29 = 0xe2
                    0x00e2                  _IPC29 = 0xe2
                    0x00e2                  _IPC29bits = 0xe2
                    0x00e4                  INTTREG = 0xe4
                    0x00e4                  _INTTREG = 0xe4
                    0x00e4                  _INTTREGbits = 0xe4
                    0x0100                  OSCCON = 0x100
                    0x0100                  _OSCCON = 0x100
                    0x0100                  _OSCCONbits = 0x100
                    0x0100                  OSCCONL = 0x100
                    0x0100                  _OSCCONL = 0x100
                    0x0101                  OSCCONH = 0x101
                    0x0101                  _OSCCONH = 0x101
                    0x0102                  CLKDIV = 0x102
                    0x0102                  _CLKDIV = 0x102
                    0x0102                  _CLKDIVbits = 0x102
                    0x0106                  OSCTUN = 0x106
                    0x0106                  _OSCTUN = 0x106
                    0x0106                  _OSCTUNbits = 0x106
                    0x0108                  DCOTUN = 0x108
                    0x0108                  _DCOTUN = 0x108
                    0x0108                  _DCOTUNbits = 0x108
                    0x010a                  DCOCON = 0x10a
                    0x010a                  _DCOCON = 0x10a
                    0x010a                  _DCOCONbits = 0x10a
                    0x010c                  OSCDIV = 0x10c
                    0x010c                  _OSCDIV = 0x10c
                    0x010c                  _OSCDIVbits = 0x10c
                    0x010e                  OSCFDIV = 0x10e
                    0x010e                  _OSCFDIV = 0x10e
                    0x010e                  _OSCFDIVbits = 0x10e
                    0x0110                  RCON = 0x110
                    0x0110                  _RCON = 0x110
                    0x0110                  _RCONbits = 0x110
                    0x0114                  HLVDCON = 0x114
                    0x0114                  _HLVDCON = 0x114
                    0x0114                  _HLVDCONbits = 0x114
                    0x0128                  PMCON1 = 0x128
                    0x0128                  _PMCON1 = 0x128
                    0x0128                  _PMCON1bits = 0x128
                    0x012a                  PMCON2 = 0x12a
                    0x012a                  _PMCON2 = 0x12a
                    0x012a                  _PMCON2bits = 0x12a
                    0x012c                  PMCON3 = 0x12c
                    0x012c                  _PMCON3 = 0x12c
                    0x012c                  _PMCON3bits = 0x12c
                    0x012e                  PMCON4 = 0x12e
                    0x012e                  _PMCON4 = 0x12e
                    0x012e                  _PMCON4bits = 0x12e
                    0x0130                  PMCS1CF = 0x130
                    0x0130                  _PMCS1CF = 0x130
                    0x0130                  _PMCS1CFbits = 0x130
                    0x0132                  PMCS1BS = 0x132
                    0x0132                  _PMCS1BS = 0x132
                    0x0132                  _PMCS1BSbits = 0x132
                    0x0134                  PMCS1MD = 0x134
                    0x0134                  _PMCS1MD = 0x134
                    0x0134                  _PMCS1MDbits = 0x134
                    0x0136                  PMCS2CF = 0x136
                    0x0136                  _PMCS2CF = 0x136
                    0x0136                  _PMCS2CFbits = 0x136
                    0x0138                  PMCS2BS = 0x138
                    0x0138                  _PMCS2BS = 0x138
                    0x0138                  _PMCS2BSbits = 0x138
                    0x013a                  PMCS2MD = 0x13a
                    0x013a                  _PMCS2MD = 0x13a
                    0x013a                  _PMCS2MDbits = 0x13a
                    0x013c                  PMDOUT1 = 0x13c
                    0x013c                  _PMDOUT1 = 0x13c
                    0x013e                  PMDOUT2 = 0x13e
                    0x013e                  _PMDOUT2 = 0x13e
                    0x0140                  PMDIN1 = 0x140
                    0x0140                  _PMDIN1 = 0x140
                    0x0142                  PMDIN2 = 0x142
                    0x0142                  _PMDIN2 = 0x142
                    0x0144                  PMSTAT = 0x144
                    0x0144                  _PMSTAT = 0x144
                    0x0144                  _PMSTATbits = 0x144
                    0x0158                  CRCCON1 = 0x158
                    0x0158                  _CRCCON1 = 0x158
                    0x0158                  _CRCCON1bits = 0x158
                    0x015a                  CRCCON2 = 0x15a
                    0x015a                  _CRCCON2 = 0x15a
                    0x015a                  _CRCCON2bits = 0x15a
                    0x015c                  CRCXORL = 0x15c
                    0x015c                  _CRCXORL = 0x15c
                    0x015c                  _CRCXORLbits = 0x15c
                    0x015e                  CRCXORH = 0x15e
                    0x015e                  _CRCXORH = 0x15e
                    0x015e                  _CRCXORHbits = 0x15e
                    0x0160                  CRCDAT = 0x160
                    0x0160                  _CRCDAT = 0x160
                    0x0160                  CRCDATL = 0x160
                    0x0160                  _CRCDATL = 0x160
                    0x0162                  CRCDATH = 0x162
                    0x0162                  _CRCDATH = 0x162
                    0x0164                  CRCWDAT = 0x164
                    0x0164                  _CRCWDAT = 0x164
                    0x0164                  CRCWDATL = 0x164
                    0x0164                  _CRCWDATL = 0x164
                    0x0166                  CRCWDATH = 0x166
                    0x0166                  _CRCWDATH = 0x166
                    0x0168                  REFOCON1 = 0x168
                    0x0168                  _REFOCON1 = 0x168
                    0x0168                  _REFOCON1bits = 0x168
                    0x0168                  REFOCONL = 0x168
                    0x0168                  _REFOCONL = 0x168
                    0x0168                  _REFOCONLbits = 0x168
                    0x016a                  REFOCON2 = 0x16a
                    0x016a                  _REFOCON2 = 0x16a
                    0x016a                  _REFOCON2bits = 0x16a
                    0x016a                  REFOCONH = 0x16a
                    0x016a                  _REFOCONH = 0x16a
                    0x016a                  _REFOCONHbits = 0x16a
                    0x0178                  PMD1 = 0x178
                    0x0178                  _PMD1 = 0x178
                    0x0178                  _PMD1bits = 0x178
                    0x017a                  PMD2 = 0x17a
                    0x017a                  _PMD2 = 0x17a
                    0x017a                  _PMD2bits = 0x17a
                    0x017c                  PMD3 = 0x17c
                    0x017c                  _PMD3 = 0x17c
                    0x017c                  _PMD3bits = 0x17c
                    0x017e                  PMD4 = 0x17e
                    0x017e                  _PMD4 = 0x17e
                    0x017e                  _PMD4bits = 0x17e
                    0x0180                  PMD5 = 0x180
                    0x0180                  _PMD5 = 0x180
                    0x0180                  _PMD5bits = 0x180
                    0x0182                  PMD6 = 0x182
                    0x0182                  _PMD6 = 0x182
                    0x0182                  _PMD6bits = 0x182
                    0x0184                  PMD7 = 0x184
                    0x0184                  _PMD7 = 0x184
                    0x0184                  _PMD7bits = 0x184
                    0x0186                  PMD8 = 0x186
                    0x0186                  _PMD8 = 0x186
                    0x0186                  _PMD8bits = 0x186
                    0x0190                  TMR1 = 0x190
                    0x0190                  _TMR1 = 0x190
                    0x0192                  PR1 = 0x192
                    0x0192                  _PR1 = 0x192
                    0x0194                  T1CON = 0x194
                    0x0194                  _T1CON = 0x194
                    0x0194                  _T1CONbits = 0x194
                    0x0196                  TMR2 = 0x196
                    0x0196                  _TMR2 = 0x196
                    0x0198                  TMR3HLD = 0x198
                    0x0198                  _TMR3HLD = 0x198
                    0x019a                  TMR3 = 0x19a
                    0x019a                  _TMR3 = 0x19a
                    0x019c                  PR2 = 0x19c
                    0x019c                  _PR2 = 0x19c
                    0x019e                  PR3 = 0x19e
                    0x019e                  _PR3 = 0x19e
                    0x01a0                  T2CON = 0x1a0
                    0x01a0                  _T2CON = 0x1a0
                    0x01a0                  _T2CONbits = 0x1a0
                    0x01a2                  T3CON = 0x1a2
                    0x01a2                  _T3CON = 0x1a2
                    0x01a2                  _T3CONbits = 0x1a2
                    0x01c0                  CTMUCON1L = 0x1c0
                    0x01c0                  _CTMUCON1L = 0x1c0
                    0x01c0                  _CTMUCON1Lbits = 0x1c0
                    0x01c2                  CTMUCON1H = 0x1c2
                    0x01c2                  _CTMUCON1H = 0x1c2
                    0x01c2                  _CTMUCON1Hbits = 0x1c2
                    0x01c4                  CTMUCON2L = 0x1c4
                    0x01c4                  _CTMUCON2L = 0x1c4
                    0x01c4                  _CTMUCON2Lbits = 0x1c4
                    0x01cc                  RTCCON1L = 0x1cc
                    0x01cc                  _RTCCON1L = 0x1cc
                    0x01cc                  _RTCCON1Lbits = 0x1cc
                    0x01ce                  RTCCON1H = 0x1ce
                    0x01ce                  _RTCCON1H = 0x1ce
                    0x01ce                  _RTCCON1Hbits = 0x1ce
                    0x01d0                  RTCCON2L = 0x1d0
                    0x01d0                  _RTCCON2L = 0x1d0
                    0x01d0                  _RTCCON2Lbits = 0x1d0
                    0x01d2                  RTCCON2H = 0x1d2
                    0x01d2                  _RTCCON2H = 0x1d2
                    0x01d4                  RTCCON3L = 0x1d4
                    0x01d4                  _RTCCON3L = 0x1d4
                    0x01d4                  _RTCCON3Lbits = 0x1d4
                    0x01d8                  RTCSTATL = 0x1d8
                    0x01d8                  _RTCSTATL = 0x1d8
                    0x01d8                  _RTCSTATLbits = 0x1d8
                    0x01dc                  TIMEL = 0x1dc
                    0x01dc                  _TIMEL = 0x1dc
                    0x01dc                  _TIMELbits = 0x1dc
                    0x01de                  TIMEH = 0x1de
                    0x01de                  _TIMEH = 0x1de
                    0x01de                  _TIMEHbits = 0x1de
                    0x01e0                  DATEL = 0x1e0
                    0x01e0                  _DATEL = 0x1e0
                    0x01e0                  _DATELbits = 0x1e0
                    0x01e2                  DATEH = 0x1e2
                    0x01e2                  _DATEH = 0x1e2
                    0x01e2                  _DATEHbits = 0x1e2
                    0x01e4                  ALMTIMEL = 0x1e4
                    0x01e4                  _ALMTIMEL = 0x1e4
                    0x01e4                  _ALMTIMELbits = 0x1e4
                    0x01e6                  ALMTIMEH = 0x1e6
                    0x01e6                  _ALMTIMEH = 0x1e6
                    0x01e6                  _ALMTIMEHbits = 0x1e6
                    0x01e8                  ALMDATEL = 0x1e8
                    0x01e8                  _ALMDATEL = 0x1e8
                    0x01e8                  _ALMDATELbits = 0x1e8
                    0x01ea                  ALMDATEH = 0x1ea
                    0x01ea                  _ALMDATEH = 0x1ea
                    0x01ea                  _ALMDATEHbits = 0x1ea
                    0x01ec                  TSATIMEL = 0x1ec
                    0x01ec                  _TSATIMEL = 0x1ec
                    0x01ec                  _TSATIMELbits = 0x1ec
                    0x01ee                  TSATIMEH = 0x1ee
                    0x01ee                  _TSATIMEH = 0x1ee
                    0x01ee                  _TSATIMEHbits = 0x1ee
                    0x01f0                  TSADATEL = 0x1f0
                    0x01f0                  _TSADATEL = 0x1f0
                    0x01f0                  _TSADATELbits = 0x1f0
                    0x01f2                  TSADATEH = 0x1f2
                    0x01f2                  _TSADATEH = 0x1f2
                    0x01f2                  _TSADATEHbits = 0x1f2
                    0x0200                  IC1CON1 = 0x200
                    0x0200                  _IC1CON1 = 0x200
                    0x0200                  _IC1CON1bits = 0x200
                    0x0202                  IC1CON2 = 0x202
                    0x0202                  _IC1CON2 = 0x202
                    0x0202                  _IC1CON2bits = 0x202
                    0x0204                  IC1BUF = 0x204
                    0x0204                  _IC1BUF = 0x204
                    0x0206                  IC1TMR = 0x206
                    0x0206                  _IC1TMR = 0x206
                    0x0208                  IC2CON1 = 0x208
                    0x0208                  _IC2CON1 = 0x208
                    0x0208                  _IC2CON1bits = 0x208
                    0x020a                  IC2CON2 = 0x20a
                    0x020a                  _IC2CON2 = 0x20a
                    0x020a                  _IC2CON2bits = 0x20a
                    0x020c                  IC2BUF = 0x20c
                    0x020c                  _IC2BUF = 0x20c
                    0x020e                  IC2TMR = 0x20e
                    0x020e                  _IC2TMR = 0x20e
                    0x0210                  IC3CON1 = 0x210
                    0x0210                  _IC3CON1 = 0x210
                    0x0210                  _IC3CON1bits = 0x210
                    0x0212                  IC3CON2 = 0x212
                    0x0212                  _IC3CON2 = 0x212
                    0x0212                  _IC3CON2bits = 0x212
                    0x0214                  IC3BUF = 0x214
                    0x0214                  _IC3BUF = 0x214
                    0x0216                  IC3TMR = 0x216
                    0x0216                  _IC3TMR = 0x216
                    0x0230                  OC1CON1 = 0x230
                    0x0230                  _OC1CON1 = 0x230
                    0x0230                  _OC1CON1bits = 0x230
                    0x0232                  OC1CON2 = 0x232
                    0x0232                  _OC1CON2 = 0x232
                    0x0232                  _OC1CON2bits = 0x232
                    0x0234                  OC1RS = 0x234
                    0x0234                  _OC1RS = 0x234
                    0x0236                  OC1R = 0x236
                    0x0236                  _OC1R = 0x236
                    0x0238                  OC1TMR = 0x238
                    0x0238                  _OC1TMR = 0x238
                    0x023a                  OC2CON1 = 0x23a
                    0x023a                  _OC2CON1 = 0x23a
                    0x023a                  _OC2CON1bits = 0x23a
                    0x023c                  OC2CON2 = 0x23c
                    0x023c                  _OC2CON2 = 0x23c
                    0x023c                  _OC2CON2bits = 0x23c
                    0x023e                  OC2RS = 0x23e
                    0x023e                  _OC2RS = 0x23e
                    0x0240                  OC2R = 0x240
                    0x0240                  _OC2R = 0x240
                    0x0242                  OC2TMR = 0x242
                    0x0242                  _OC2TMR = 0x242
                    0x0244                  OC3CON1 = 0x244
                    0x0244                  _OC3CON1 = 0x244
                    0x0244                  _OC3CON1bits = 0x244
                    0x0246                  OC3CON2 = 0x246
                    0x0246                  _OC3CON2 = 0x246
                    0x0246                  _OC3CON2bits = 0x246
                    0x0248                  OC3RS = 0x248
                    0x0248                  _OC3RS = 0x248
                    0x024a                  OC3R = 0x24a
                    0x024a                  _OC3R = 0x24a
                    0x024c                  OC3TMR = 0x24c
                    0x024c                  _OC3TMR = 0x24c
                    0x026c                  CCP1CON1L = 0x26c
                    0x026c                  _CCP1CON1L = 0x26c
                    0x026c                  _CCP1CON1Lbits = 0x26c
                    0x026e                  CCP1CON1H = 0x26e
                    0x026e                  _CCP1CON1H = 0x26e
                    0x026e                  _CCP1CON1Hbits = 0x26e
                    0x0270                  CCP1CON2L = 0x270
                    0x0270                  _CCP1CON2L = 0x270
                    0x0270                  _CCP1CON2Lbits = 0x270
                    0x0272                  CCP1CON2H = 0x272
                    0x0272                  _CCP1CON2H = 0x272
                    0x0272                  _CCP1CON2Hbits = 0x272
                    0x0274                  CCP1CON3L = 0x274
                    0x0274                  _CCP1CON3L = 0x274
                    0x0274                  _CCP1CON3Lbits = 0x274
                    0x0276                  CCP1CON3H = 0x276
                    0x0276                  _CCP1CON3H = 0x276
                    0x0276                  _CCP1CON3Hbits = 0x276
                    0x0278                  CCP1STAT = 0x278
                    0x0278                  _CCP1STAT = 0x278
                    0x0278                  _CCP1STATbits = 0x278
                    0x0278                  CCP1STATL = 0x278
                    0x0278                  _CCP1STATL = 0x278
                    0x0278                  _CCP1STATLbits = 0x278
                    0x027a                  CCP1STATH = 0x27a
                    0x027a                  _CCP1STATH = 0x27a
                    0x027a                  _CCP1STATHbits = 0x27a
                    0x027c                  CCP1TMRL = 0x27c
                    0x027c                  _CCP1TMRL = 0x27c
                    0x027e                  CCP1TMRH = 0x27e
                    0x027e                  _CCP1TMRH = 0x27e
                    0x0280                  CCP1PRL = 0x280
                    0x0280                  _CCP1PRL = 0x280
                    0x0282                  CCP1PRH = 0x282
                    0x0282                  _CCP1PRH = 0x282
                    0x0284                  CCP1RA = 0x284
                    0x0284                  _CCP1RA = 0x284
                    0x0284                  CCP1RAL = 0x284
                    0x0284                  _CCP1RAL = 0x284
                    0x0286                  CCP1RAH = 0x286
                    0x0286                  _CCP1RAH = 0x286
                    0x0288                  CCP1RB = 0x288
                    0x0288                  _CCP1RB = 0x288
                    0x0288                  CCP1RBL = 0x288
                    0x0288                  _CCP1RBL = 0x288
                    0x028a                  CCP1RBH = 0x28a
                    0x028a                  _CCP1RBH = 0x28a
                    0x028c                  CCP1BUFL = 0x28c
                    0x028c                  _CCP1BUFL = 0x28c
                    0x028e                  CCP1BUFH = 0x28e
                    0x028e                  _CCP1BUFH = 0x28e
                    0x0290                  CCP2CON1L = 0x290
                    0x0290                  _CCP2CON1L = 0x290
                    0x0290                  _CCP2CON1Lbits = 0x290
                    0x0292                  CCP2CON1H = 0x292
                    0x0292                  _CCP2CON1H = 0x292
                    0x0292                  _CCP2CON1Hbits = 0x292
                    0x0294                  CCP2CON2L = 0x294
                    0x0294                  _CCP2CON2L = 0x294
                    0x0294                  _CCP2CON2Lbits = 0x294
                    0x0296                  CCP2CON2H = 0x296
                    0x0296                  _CCP2CON2H = 0x296
                    0x0296                  _CCP2CON2Hbits = 0x296
                    0x029a                  CCP2CON3H = 0x29a
                    0x029a                  _CCP2CON3H = 0x29a
                    0x029a                  _CCP2CON3Hbits = 0x29a
                    0x029c                  CCP2STAT = 0x29c
                    0x029c                  _CCP2STAT = 0x29c
                    0x029c                  _CCP2STATbits = 0x29c
                    0x029c                  CCP2STATL = 0x29c
                    0x029c                  _CCP2STATL = 0x29c
                    0x029c                  _CCP2STATLbits = 0x29c
                    0x029e                  CCP2STATH = 0x29e
                    0x029e                  _CCP2STATH = 0x29e
                    0x029e                  _CCP2STATHbits = 0x29e
                    0x02a0                  CCP2TMRL = 0x2a0
                    0x02a0                  _CCP2TMRL = 0x2a0
                    0x02a2                  CCP2TMRH = 0x2a2
                    0x02a2                  _CCP2TMRH = 0x2a2
                    0x02a4                  CCP2PRL = 0x2a4
                    0x02a4                  _CCP2PRL = 0x2a4
                    0x02a6                  CCP2PRH = 0x2a6
                    0x02a6                  _CCP2PRH = 0x2a6
                    0x02a8                  CCP2RA = 0x2a8
                    0x02a8                  _CCP2RA = 0x2a8
                    0x02a8                  CCP2RAL = 0x2a8
                    0x02a8                  _CCP2RAL = 0x2a8
                    0x02aa                  CCP2RAH = 0x2aa
                    0x02aa                  _CCP2RAH = 0x2aa
                    0x02ac                  CCP2RB = 0x2ac
                    0x02ac                  _CCP2RB = 0x2ac
                    0x02ac                  CCP2RBL = 0x2ac
                    0x02ac                  _CCP2RBL = 0x2ac
                    0x02ae                  CCP2RBH = 0x2ae
                    0x02ae                  _CCP2RBH = 0x2ae
                    0x02b0                  CCP2BUFL = 0x2b0
                    0x02b0                  _CCP2BUFL = 0x2b0
                    0x02b2                  CCP2BUFH = 0x2b2
                    0x02b2                  _CCP2BUFH = 0x2b2
                    0x02b4                  CCP3CON1L = 0x2b4
                    0x02b4                  _CCP3CON1L = 0x2b4
                    0x02b4                  _CCP3CON1Lbits = 0x2b4
                    0x02b6                  CCP3CON1H = 0x2b6
                    0x02b6                  _CCP3CON1H = 0x2b6
                    0x02b6                  _CCP3CON1Hbits = 0x2b6
                    0x02b8                  CCP3CON2L = 0x2b8
                    0x02b8                  _CCP3CON2L = 0x2b8
                    0x02b8                  _CCP3CON2Lbits = 0x2b8
                    0x02ba                  CCP3CON2H = 0x2ba
                    0x02ba                  _CCP3CON2H = 0x2ba
                    0x02ba                  _CCP3CON2Hbits = 0x2ba
                    0x02be                  CCP3CON3H = 0x2be
                    0x02be                  _CCP3CON3H = 0x2be
                    0x02be                  _CCP3CON3Hbits = 0x2be
                    0x02c0                  CCP3STAT = 0x2c0
                    0x02c0                  _CCP3STAT = 0x2c0
                    0x02c0                  _CCP3STATbits = 0x2c0